#
# There is insufficient memory for the Java Runtime Environment to continue.
# Native memory allocation (mmap) failed to map 65536 bytes. Error detail: Failed to commit metaspace.
# Possible reasons:
#   The system is out of physical RAM or swap space
#   This process is running with CompressedOops enabled, and the Java Heap may be blocking the growth of the native heap
# Possible solutions:
#   Reduce memory load on the system
#   Increase physical memory or swap space
#   Check if swap backing store is full
#   Decrease Java heap size (-Xmx/-Xms)
#   Decrease number of Java threads
#   Decrease Java thread stack sizes (-Xss)
#   Set larger code cache with -XX:ReservedCodeCacheSize=
#   JVM is running with Unscaled Compressed Oops mode in which the Java heap is
#     placed in the first 4GB address space. The Java Heap base address is the
#     maximum limit for the native heap growth. Please use -XX:HeapBaseMinAddress
#     to set the Java Heap base and to place the Java Heap above 4GB virtual address.
# This output file may be truncated or incomplete.
#
#  Out of Memory Error (virtualSpaceNode.cpp:113), pid=7452, tid=5272
#
# JRE version: OpenJDK Runtime Environment (21.0.6) (build 21.0.6+-13368085-b895.109)
# Java VM: OpenJDK 64-Bit Server VM (21.0.6+-13368085-b895.109, mixed mode, tiered, compressed oops, compressed class ptrs, g1 gc, windows-amd64)
# No core dump will be written. Minidumps are not enabled by default on client versions of Windows
#

---------------  S U M M A R Y ------------

Command Line: org.jetbrains.kotlin.cli.jvm.K2JVMCompiler @C:\Flutters\src\flutter\packages\flutter_tools\gradle\build\20260410_15654669951345519304.compiler.options

Host: Intel(R) Core(TM) i5-6300U CPU @ 2.40GHz, 4 cores, 7G,  Windows 11 , 64 bit Build 26100 (10.0.26100.8115)
Time: Fri Apr 10 12:38:39 2026 Pakistan Standard Time elapsed time: 13.430140 seconds (0d 0h 0m 13s)

---------------  T H R E A D  ---------------

Current thread (0x000001d4eba76020):  JavaThread "C1 CompilerThread0" daemon [_thread_in_vm, id=5272, stack(0x000000c907800000,0x000000c907900000) (1024K)]


Current CompileTask:
C1:13430 8264       3       org.jetbrains.kotlin.resolve.calls.components.PostponeArgumentsChecksKt::resolveKtPrimitive (131 bytes)

Stack: [0x000000c907800000,0x000000c907900000]
Native frames: (J=compiled Java code, j=interpreted, Vv=VM code, C=native code)
V  [jvm.dll+0x6d0639]
V  [jvm.dll+0x85eb03]
V  [jvm.dll+0x86105e]
V  [jvm.dll+0x861743]
V  [jvm.dll+0x27e6e6]
V  [jvm.dll+0x8599de]
V  [jvm.dll+0x674055]
V  [jvm.dll+0x1e3131]
V  [jvm.dll+0x1e2efe]
V  [jvm.dll+0x6769a8]
V  [jvm.dll+0x6767e2]
V  [jvm.dll+0x674a4e]
V  [jvm.dll+0x685dca]
V  [jvm.dll+0x67ed52]
V  [jvm.dll+0x1f0e70]
V  [jvm.dll+0x1f1058]
V  [jvm.dll+0x162d36]
V  [jvm.dll+0x162b86]
V  [jvm.dll+0x15a109]
V  [jvm.dll+0x15c6a1]
V  [jvm.dll+0x15a9a4]
V  [jvm.dll+0x1544b0]
V  [jvm.dll+0x1648d6]
V  [jvm.dll+0x14f8a0]
V  [jvm.dll+0x14fc23]
V  [jvm.dll+0x14fee6]
V  [jvm.dll+0x14f25f]
V  [jvm.dll+0x151081]
V  [jvm.dll+0x2569ac]
V  [jvm.dll+0x254ef6]
V  [jvm.dll+0x3f0e96]
V  [jvm.dll+0x806ed8]
V  [jvm.dll+0x6cef0d]
C  [ucrtbase.dll+0x37b0]
C  [KERNEL32.DLL+0x2e8d7]
C  [ntdll.dll+0x8c3fc]


---------------  P R O C E S S  ---------------

Threads class SMR info:
_java_thread_list=0x000001d4f4f42f20, length=12, elements={
0x000001d4d26b7140, 0x000001d4eba91a70, 0x000001d4eba924c0, 0x000001d4eba94fd0,
0x000001d4ebaa8950, 0x000001d4eba95c70, 0x000001d4eba966c0, 0x000001d4eba93170,
0x000001d4eba76020, 0x000001d4ebc48870, 0x000001d4ebc474c0, 0x000001d4f63c9260
}

Java Threads: ( => current thread )
  0x000001d4d26b7140 JavaThread "main"                              [_thread_in_vm, id=17304, stack(0x000000c906900000,0x000000c906a00000) (1024K)]
  0x000001d4eba91a70 JavaThread "Reference Handler"          daemon [_thread_blocked, id=17088, stack(0x000000c907100000,0x000000c907200000) (1024K)]
  0x000001d4eba924c0 JavaThread "Finalizer"                  daemon [_thread_blocked, id=10256, stack(0x000000c907200000,0x000000c907300000) (1024K)]
  0x000001d4eba94fd0 JavaThread "Signal Dispatcher"          daemon [_thread_blocked, id=16168, stack(0x000000c907300000,0x000000c907400000) (1024K)]
  0x000001d4ebaa8950 JavaThread "Attach Listener"            daemon [_thread_blocked, id=13120, stack(0x000000c907400000,0x000000c907500000) (1024K)]
  0x000001d4eba95c70 JavaThread "Service Thread"             daemon [_thread_blocked, id=16428, stack(0x000000c907500000,0x000000c907600000) (1024K)]
  0x000001d4eba966c0 JavaThread "Monitor Deflation Thread"   daemon [_thread_blocked, id=624, stack(0x000000c907600000,0x000000c907700000) (1024K)]
  0x000001d4eba93170 JavaThread "C2 CompilerThread0"         daemon [_thread_blocked, id=13064, stack(0x000000c907700000,0x000000c907800000) (1024K)]
=>0x000001d4eba76020 JavaThread "C1 CompilerThread0"         daemon [_thread_in_vm, id=5272, stack(0x000000c907800000,0x000000c907900000) (1024K)]
  0x000001d4ebc48870 JavaThread "Notification Thread"        daemon [_thread_blocked, id=17704, stack(0x000000c907900000,0x000000c907a00000) (1024K)]
  0x000001d4ebc474c0 JavaThread "Common-Cleaner"             daemon [_thread_blocked, id=2120, stack(0x000000c907a00000,0x000000c907b00000) (1024K)]
  0x000001d4f63c9260 JavaThread "C2 CompilerThread1"         daemon [_thread_in_native, id=16656, stack(0x000000c907b00000,0x000000c907c00000) (1024K)]
Total: 12

Other Threads:
  0x000001d4eb8badb0 VMThread "VM Thread"                           [id=18376, stack(0x000000c907000000,0x000000c907100000) (1024K)]
  0x000001d4eb8561f0 WatcherThread "VM Periodic Task Thread"        [id=15832, stack(0x000000c906f00000,0x000000c907000000) (1024K)]
  0x000001d4d4b032d0 WorkerThread "GC Thread#0"                     [id=8492, stack(0x000000c906a00000,0x000000c906b00000) (1024K)]
  0x000001d4f03d2110 WorkerThread "GC Thread#1"                     [id=13880, stack(0x000000c907c00000,0x000000c907d00000) (1024K)]
  0x000001d4f03d24b0 WorkerThread "GC Thread#2"                     [id=18064, stack(0x000000c907d00000,0x000000c907e00000) (1024K)]
  0x000001d4f039f580 WorkerThread "GC Thread#3"                     [id=17804, stack(0x000000c907e00000,0x000000c907f00000) (1024K)]
  0x000001d4d4b14d70 ConcurrentGCThread "G1 Main Marker"            [id=17800, stack(0x000000c906b00000,0x000000c906c00000) (1024K)]
  0x000001d4d4b15870 WorkerThread "G1 Conc#0"                       [id=16828, stack(0x000000c906c00000,0x000000c906d00000) (1024K)]
  0x000001d4d4b6e5a0 ConcurrentGCThread "G1 Refine#0"               [id=9640, stack(0x000000c906d00000,0x000000c906e00000) (1024K)]
  0x000001d4eb719670 ConcurrentGCThread "G1 Service"                [id=15820, stack(0x000000c906e00000,0x000000c906f00000) (1024K)]
Total: 10

Threads with active compile tasks:
C1 CompilerThread0  13494 8264       3       org.jetbrains.kotlin.resolve.calls.components.PostponeArgumentsChecksKt::resolveKtPrimitive (131 bytes)
C2 CompilerThread1  13494 8222       4       org.jetbrains.kotlin.types.TypeUtils::contains (301 bytes)
Total: 2

VM state: not at safepoint (normal execution)

VM Mutex/Monitor currently owned by a thread:  ([mutex/lock_event])
[0x00007ffae688c1a0] Metaspace_lock - owner thread: 0x000001d4eba76020

Heap address: 0x0000000081c00000, size: 2020 MB, Compressed Oops mode: 32-bit

CDS archive(s) not mapped
Compressed class space mapped at: 0x0000000100000000-0x0000000140000000, reserved size: 1073741824
Narrow klass base: 0x0000000000000000, Narrow klass shift: 3, Narrow klass range: 0x140000000

GC Precious Log:
 CardTable entry size: 512
 Card Set container configuration: InlinePtr #cards 5 size 8 Array Of Cards #cards 12 size 40 Howl #buckets 4 coarsen threshold 1843 Howl Bitmap #cards 512 size 80 coarsen threshold 460 Card regions per heap region 1 cards per card region 2048
 CPUs: 4 total, 4 available
 Memory: 8077M
 Large Page Support: Disabled
 NUMA Support: Disabled
 Compressed Oops: Enabled (32-bit)
 Heap Region Size: 1M
 Heap Min Capacity: 8M
 Heap Initial Capacity: 128M
 Heap Max Capacity: 2020M
 Pre-touch: Disabled
 Parallel Workers: 4
 Concurrent Workers: 1
 Concurrent Refinement Workers: 4
 Periodic GC: Disabled

Heap:
 garbage-first heap   total 124928K, used 74240K [0x0000000081c00000, 0x0000000100000000)
  region size 1024K, 16 young (16384K), 6 survivors (6144K)
 Metaspace       used 63859K, committed 64704K, reserved 1114112K
  class space    used 7321K, committed 7744K, reserved 1048576K

Heap Regions: E=young(eden), S=young(survivor), O=old, HS=humongous(starts), HC=humongous(continues), CS=collection set, F=free, TAMS=top-at-mark-start, PB=parsable bottom
|   0|0x0000000081c00000, 0x0000000081d00000, 0x0000000081d00000|100%|HS|  |TAMS 0x0000000081c00000| PB 0x0000000081c00000| Complete 
|   1|0x0000000081d00000, 0x0000000081e00000, 0x0000000081e00000|100%|HC|  |TAMS 0x0000000081d00000| PB 0x0000000081d00000| Complete 
|   2|0x0000000081e00000, 0x0000000081f00000, 0x0000000081f00000|100%|HC|  |TAMS 0x0000000081e00000| PB 0x0000000081e00000| Complete 
|   3|0x0000000081f00000, 0x0000000082000000, 0x0000000082000000|100%| O|  |TAMS 0x0000000081f00000| PB 0x0000000081f00000| Untracked 
|   4|0x0000000082000000, 0x0000000082100000, 0x0000000082100000|100%| O|  |TAMS 0x0000000082000000| PB 0x0000000082000000| Untracked 
|   5|0x0000000082100000, 0x0000000082200000, 0x0000000082200000|100%| O|  |TAMS 0x0000000082100000| PB 0x0000000082100000| Untracked 
|   6|0x0000000082200000, 0x0000000082300000, 0x0000000082300000|100%| O|  |TAMS 0x0000000082200000| PB 0x0000000082200000| Untracked 
|   7|0x0000000082300000, 0x0000000082400000, 0x0000000082400000|100%| O|  |TAMS 0x0000000082300000| PB 0x0000000082300000| Untracked 
|   8|0x0000000082400000, 0x0000000082500000, 0x0000000082500000|100%| O|  |TAMS 0x0000000082400000| PB 0x0000000082400000| Untracked 
|   9|0x0000000082500000, 0x0000000082600000, 0x0000000082600000|100%| O|  |TAMS 0x0000000082500000| PB 0x0000000082500000| Untracked 
|  10|0x0000000082600000, 0x0000000082700000, 0x0000000082700000|100%| O|  |TAMS 0x0000000082600000| PB 0x0000000082600000| Untracked 
|  11|0x0000000082700000, 0x0000000082800000, 0x0000000082800000|100%| O|  |TAMS 0x0000000082700000| PB 0x0000000082700000| Untracked 
|  12|0x0000000082800000, 0x0000000082900000, 0x0000000082900000|100%| O|  |TAMS 0x0000000082800000| PB 0x0000000082800000| Untracked 
|  13|0x0000000082900000, 0x0000000082a00000, 0x0000000082a00000|100%| O|  |TAMS 0x0000000082900000| PB 0x0000000082900000| Untracked 
|  14|0x0000000082a00000, 0x0000000082b00000, 0x0000000082b00000|100%| O|  |TAMS 0x0000000082a00000| PB 0x0000000082a00000| Untracked 
|  15|0x0000000082b00000, 0x0000000082c00000, 0x0000000082c00000|100%| O|  |TAMS 0x0000000082b00000| PB 0x0000000082b00000| Untracked 
|  16|0x0000000082c00000, 0x0000000082d00000, 0x0000000082d00000|100%|HS|  |TAMS 0x0000000082c00000| PB 0x0000000082c00000| Complete 
|  17|0x0000000082d00000, 0x0000000082e00000, 0x0000000082e00000|100%|HS|  |TAMS 0x0000000082d00000| PB 0x0000000082d00000| Complete 
|  18|0x0000000082e00000, 0x0000000082f00000, 0x0000000082f00000|100%| O|  |TAMS 0x0000000082e00000| PB 0x0000000082e00000| Untracked 
|  19|0x0000000082f00000, 0x0000000083000000, 0x0000000083000000|100%| O|  |TAMS 0x0000000082f00000| PB 0x0000000082f00000| Untracked 
|  20|0x0000000083000000, 0x0000000083100000, 0x0000000083100000|100%| O|  |TAMS 0x0000000083000000| PB 0x0000000083000000| Untracked 
|  21|0x0000000083100000, 0x0000000083200000, 0x0000000083200000|100%| O|  |TAMS 0x0000000083100000| PB 0x0000000083100000| Untracked 
|  22|0x0000000083200000, 0x0000000083300000, 0x0000000083300000|100%| O|  |TAMS 0x0000000083200000| PB 0x0000000083200000| Untracked 
|  23|0x0000000083300000, 0x0000000083400000, 0x0000000083400000|100%|HS|  |TAMS 0x0000000083300000| PB 0x0000000083300000| Complete 
|  24|0x0000000083400000, 0x0000000083500000, 0x0000000083500000|100%|HC|  |TAMS 0x0000000083400000| PB 0x0000000083400000| Complete 
|  25|0x0000000083500000, 0x0000000083600000, 0x0000000083600000|100%|HC|  |TAMS 0x0000000083500000| PB 0x0000000083500000| Complete 
|  26|0x0000000083600000, 0x0000000083700000, 0x0000000083700000|100%|HC|  |TAMS 0x0000000083600000| PB 0x0000000083600000| Complete 
|  27|0x0000000083700000, 0x0000000083800000, 0x0000000083800000|100%|HC|  |TAMS 0x0000000083700000| PB 0x0000000083700000| Complete 
|  28|0x0000000083800000, 0x0000000083900000, 0x0000000083900000|100%|HC|  |TAMS 0x0000000083800000| PB 0x0000000083800000| Complete 
|  29|0x0000000083900000, 0x0000000083a00000, 0x0000000083a00000|100%|HS|  |TAMS 0x0000000083900000| PB 0x0000000083900000| Complete 
|  30|0x0000000083a00000, 0x0000000083b00000, 0x0000000083b00000|100%|HC|  |TAMS 0x0000000083a00000| PB 0x0000000083a00000| Complete 
|  31|0x0000000083b00000, 0x0000000083c00000, 0x0000000083c00000|100%| O|  |TAMS 0x0000000083b00000| PB 0x0000000083b00000| Untracked 
|  32|0x0000000083c00000, 0x0000000083d00000, 0x0000000083d00000|100%| O|  |TAMS 0x0000000083c00000| PB 0x0000000083c00000| Untracked 
|  33|0x0000000083d00000, 0x0000000083e00000, 0x0000000083e00000|100%| O|  |TAMS 0x0000000083d00000| PB 0x0000000083d00000| Untracked 
|  34|0x0000000083e00000, 0x0000000083f00000, 0x0000000083f00000|100%|HS|  |TAMS 0x0000000083e00000| PB 0x0000000083e00000| Complete 
|  35|0x0000000083f00000, 0x0000000084000000, 0x0000000084000000|100%| O|  |TAMS 0x0000000083f00000| PB 0x0000000083f00000| Untracked 
|  36|0x0000000084000000, 0x0000000084100000, 0x0000000084100000|100%| O|  |TAMS 0x0000000084000000| PB 0x0000000084000000| Untracked 
|  37|0x0000000084100000, 0x0000000084200000, 0x0000000084200000|100%| O|  |TAMS 0x0000000084100000| PB 0x0000000084100000| Untracked 
|  38|0x0000000084200000, 0x0000000084300000, 0x0000000084300000|100%| O|  |TAMS 0x0000000084200000| PB 0x0000000084200000| Untracked 
|  39|0x0000000084300000, 0x0000000084400000, 0x0000000084400000|100%| O|  |TAMS 0x0000000084300000| PB 0x0000000084300000| Untracked 
|  40|0x0000000084400000, 0x0000000084500000, 0x0000000084500000|100%| O|  |TAMS 0x0000000084400000| PB 0x0000000084400000| Untracked 
|  41|0x0000000084500000, 0x0000000084600000, 0x0000000084600000|100%| O|  |TAMS 0x0000000084500000| PB 0x0000000084500000| Untracked 
|  42|0x0000000084600000, 0x0000000084700000, 0x0000000084700000|100%| O|  |TAMS 0x0000000084600000| PB 0x0000000084600000| Untracked 
|  43|0x0000000084700000, 0x0000000084800000, 0x0000000084800000|100%| O|  |TAMS 0x0000000084700000| PB 0x0000000084700000| Untracked 
|  44|0x0000000084800000, 0x0000000084900000, 0x0000000084900000|100%| O|  |TAMS 0x0000000084800000| PB 0x0000000084800000| Untracked 
|  45|0x0000000084900000, 0x0000000084a00000, 0x0000000084a00000|100%| O|  |TAMS 0x0000000084900000| PB 0x0000000084900000| Untracked 
|  46|0x0000000084a00000, 0x0000000084b00000, 0x0000000084b00000|100%| O|  |TAMS 0x0000000084a00000| PB 0x0000000084a00000| Untracked 
|  47|0x0000000084b00000, 0x0000000084c00000, 0x0000000084c00000|100%| O|  |TAMS 0x0000000084b00000| PB 0x0000000084b00000| Untracked 
|  48|0x0000000084c00000, 0x0000000084d00000, 0x0000000084d00000|100%| O|  |TAMS 0x0000000084c00000| PB 0x0000000084c00000| Untracked 
|  49|0x0000000084d00000, 0x0000000084e00000, 0x0000000084e00000|100%| O|  |TAMS 0x0000000084d00000| PB 0x0000000084d00000| Untracked 
|  50|0x0000000084e00000, 0x0000000084f00000, 0x0000000084f00000|100%| O|  |TAMS 0x0000000084e00000| PB 0x0000000084e00000| Untracked 
|  51|0x0000000084f00000, 0x0000000085000000, 0x0000000085000000|100%| O|  |TAMS 0x0000000084f00000| PB 0x0000000084f00000| Untracked 
|  52|0x0000000085000000, 0x0000000085100000, 0x0000000085100000|100%| O|  |TAMS 0x0000000085000000| PB 0x0000000085000000| Untracked 
|  53|0x0000000085100000, 0x0000000085200000, 0x0000000085200000|100%| O|  |TAMS 0x0000000085100000| PB 0x0000000085100000| Untracked 
|  54|0x0000000085200000, 0x0000000085280000, 0x0000000085300000| 50%| O|  |TAMS 0x0000000085200000| PB 0x0000000085200000| Untracked 
|  55|0x0000000085300000, 0x0000000085300000, 0x0000000085400000|  0%| F|  |TAMS 0x0000000085300000| PB 0x0000000085300000| Untracked 
|  56|0x0000000085400000, 0x0000000085400000, 0x0000000085500000|  0%| F|  |TAMS 0x0000000085400000| PB 0x0000000085400000| Untracked 
|  57|0x0000000085500000, 0x0000000085500000, 0x0000000085600000|  0%| F|  |TAMS 0x0000000085500000| PB 0x0000000085500000| Untracked 
|  58|0x0000000085600000, 0x0000000085600000, 0x0000000085700000|  0%| F|  |TAMS 0x0000000085600000| PB 0x0000000085600000| Untracked 
|  59|0x0000000085700000, 0x0000000085700000, 0x0000000085800000|  0%| F|  |TAMS 0x0000000085700000| PB 0x0000000085700000| Untracked 
|  60|0x0000000085800000, 0x0000000085800000, 0x0000000085900000|  0%| F|  |TAMS 0x0000000085800000| PB 0x0000000085800000| Untracked 
|  61|0x0000000085900000, 0x0000000085900000, 0x0000000085a00000|  0%| F|  |TAMS 0x0000000085900000| PB 0x0000000085900000| Untracked 
|  62|0x0000000085a00000, 0x0000000085a00000, 0x0000000085b00000|  0%| F|  |TAMS 0x0000000085a00000| PB 0x0000000085a00000| Untracked 
|  63|0x0000000085b00000, 0x0000000085b00000, 0x0000000085c00000|  0%| F|  |TAMS 0x0000000085b00000| PB 0x0000000085b00000| Untracked 
|  64|0x0000000085c00000, 0x0000000085c00000, 0x0000000085d00000|  0%| F|  |TAMS 0x0000000085c00000| PB 0x0000000085c00000| Untracked 
|  65|0x0000000085d00000, 0x0000000085d00000, 0x0000000085e00000|  0%| F|  |TAMS 0x0000000085d00000| PB 0x0000000085d00000| Untracked 
|  66|0x0000000085e00000, 0x0000000085e00000, 0x0000000085f00000|  0%| F|  |TAMS 0x0000000085e00000| PB 0x0000000085e00000| Untracked 
|  67|0x0000000085f00000, 0x0000000086000000, 0x0000000086000000|100%| S|CS|TAMS 0x0000000085f00000| PB 0x0000000085f00000| Complete 
|  68|0x0000000086000000, 0x0000000086100000, 0x0000000086100000|100%| S|CS|TAMS 0x0000000086000000| PB 0x0000000086000000| Complete 
|  69|0x0000000086100000, 0x0000000086200000, 0x0000000086200000|100%| S|CS|TAMS 0x0000000086100000| PB 0x0000000086100000| Complete 
|  70|0x0000000086200000, 0x0000000086200000, 0x0000000086300000|  0%| F|  |TAMS 0x0000000086200000| PB 0x0000000086200000| Untracked 
|  71|0x0000000086300000, 0x0000000086400000, 0x0000000086400000|100%| S|CS|TAMS 0x0000000086300000| PB 0x0000000086300000| Complete 
|  72|0x0000000086400000, 0x0000000086500000, 0x0000000086500000|100%| S|CS|TAMS 0x0000000086400000| PB 0x0000000086400000| Complete 
|  73|0x0000000086500000, 0x0000000086600000, 0x0000000086600000|100%| S|CS|TAMS 0x0000000086500000| PB 0x0000000086500000| Complete 
|  74|0x0000000086600000, 0x0000000086600000, 0x0000000086700000|  0%| F|  |TAMS 0x0000000086600000| PB 0x0000000086600000| Untracked 
|  75|0x0000000086700000, 0x0000000086700000, 0x0000000086800000|  0%| F|  |TAMS 0x0000000086700000| PB 0x0000000086700000| Untracked 
|  76|0x0000000086800000, 0x0000000086800000, 0x0000000086900000|  0%| F|  |TAMS 0x0000000086800000| PB 0x0000000086800000| Untracked 
|  77|0x0000000086900000, 0x0000000086900000, 0x0000000086a00000|  0%| F|  |TAMS 0x0000000086900000| PB 0x0000000086900000| Untracked 
|  78|0x0000000086a00000, 0x0000000086a00000, 0x0000000086b00000|  0%| F|  |TAMS 0x0000000086a00000| PB 0x0000000086a00000| Untracked 
|  79|0x0000000086b00000, 0x0000000086b00000, 0x0000000086c00000|  0%| F|  |TAMS 0x0000000086b00000| PB 0x0000000086b00000| Untracked 
|  80|0x0000000086c00000, 0x0000000086c00000, 0x0000000086d00000|  0%| F|  |TAMS 0x0000000086c00000| PB 0x0000000086c00000| Untracked 
|  81|0x0000000086d00000, 0x0000000086d00000, 0x0000000086e00000|  0%| F|  |TAMS 0x0000000086d00000| PB 0x0000000086d00000| Untracked 
|  82|0x0000000086e00000, 0x0000000086e00000, 0x0000000086f00000|  0%| F|  |TAMS 0x0000000086e00000| PB 0x0000000086e00000| Untracked 
|  83|0x0000000086f00000, 0x0000000086f00000, 0x0000000087000000|  0%| F|  |TAMS 0x0000000086f00000| PB 0x0000000086f00000| Untracked 
|  84|0x0000000087000000, 0x0000000087000000, 0x0000000087100000|  0%| F|  |TAMS 0x0000000087000000| PB 0x0000000087000000| Untracked 
|  85|0x0000000087100000, 0x0000000087100000, 0x0000000087200000|  0%| F|  |TAMS 0x0000000087100000| PB 0x0000000087100000| Untracked 
|  86|0x0000000087200000, 0x0000000087200000, 0x0000000087300000|  0%| F|  |TAMS 0x0000000087200000| PB 0x0000000087200000| Untracked 
|  87|0x0000000087300000, 0x0000000087300000, 0x0000000087400000|  0%| F|  |TAMS 0x0000000087300000| PB 0x0000000087300000| Untracked 
|  88|0x0000000087400000, 0x0000000087400000, 0x0000000087500000|  0%| F|  |TAMS 0x0000000087400000| PB 0x0000000087400000| Untracked 
|  89|0x0000000087500000, 0x0000000087500000, 0x0000000087600000|  0%| F|  |TAMS 0x0000000087500000| PB 0x0000000087500000| Untracked 
|  90|0x0000000087600000, 0x0000000087600000, 0x0000000087700000|  0%| F|  |TAMS 0x0000000087600000| PB 0x0000000087600000| Untracked 
|  91|0x0000000087700000, 0x0000000087700000, 0x0000000087800000|  0%| F|  |TAMS 0x0000000087700000| PB 0x0000000087700000| Untracked 
|  92|0x0000000087800000, 0x0000000087800000, 0x0000000087900000|  0%| F|  |TAMS 0x0000000087800000| PB 0x0000000087800000| Untracked 
|  93|0x0000000087900000, 0x0000000087900000, 0x0000000087a00000|  0%| F|  |TAMS 0x0000000087900000| PB 0x0000000087900000| Untracked 
|  94|0x0000000087a00000, 0x0000000087a00000, 0x0000000087b00000|  0%| F|  |TAMS 0x0000000087a00000| PB 0x0000000087a00000| Untracked 
|  95|0x0000000087b00000, 0x0000000087b00000, 0x0000000087c00000|  0%| F|  |TAMS 0x0000000087b00000| PB 0x0000000087b00000| Untracked 
|  96|0x0000000087c00000, 0x0000000087c00000, 0x0000000087d00000|  0%| F|  |TAMS 0x0000000087c00000| PB 0x0000000087c00000| Untracked 
|  97|0x0000000087d00000, 0x0000000087d00000, 0x0000000087e00000|  0%| F|  |TAMS 0x0000000087d00000| PB 0x0000000087d00000| Untracked 
|  98|0x0000000087e00000, 0x0000000087e00000, 0x0000000087f00000|  0%| F|  |TAMS 0x0000000087e00000| PB 0x0000000087e00000| Untracked 
|  99|0x0000000087f00000, 0x0000000087f00000, 0x0000000088000000|  0%| F|  |TAMS 0x0000000087f00000| PB 0x0000000087f00000| Untracked 
| 100|0x0000000088000000, 0x0000000088000000, 0x0000000088100000|  0%| F|  |TAMS 0x0000000088000000| PB 0x0000000088000000| Untracked 
| 101|0x0000000088100000, 0x0000000088100000, 0x0000000088200000|  0%| F|  |TAMS 0x0000000088100000| PB 0x0000000088100000| Untracked 
| 102|0x0000000088200000, 0x0000000088200000, 0x0000000088300000|  0%| F|  |TAMS 0x0000000088200000| PB 0x0000000088200000| Untracked 
| 103|0x0000000088300000, 0x0000000088300000, 0x0000000088400000|  0%| F|  |TAMS 0x0000000088300000| PB 0x0000000088300000| Untracked 
| 104|0x0000000088400000, 0x0000000088400000, 0x0000000088500000|  0%| F|  |TAMS 0x0000000088400000| PB 0x0000000088400000| Untracked 
| 105|0x0000000088500000, 0x0000000088500000, 0x0000000088600000|  0%| F|  |TAMS 0x0000000088500000| PB 0x0000000088500000| Untracked 
| 106|0x0000000088600000, 0x0000000088600000, 0x0000000088700000|  0%| F|  |TAMS 0x0000000088600000| PB 0x0000000088600000| Untracked 
| 107|0x0000000088700000, 0x0000000088700000, 0x0000000088800000|  0%| F|  |TAMS 0x0000000088700000| PB 0x0000000088700000| Untracked 
| 108|0x0000000088800000, 0x0000000088800000, 0x0000000088900000|  0%| F|  |TAMS 0x0000000088800000| PB 0x0000000088800000| Untracked 
| 109|0x0000000088900000, 0x0000000088980000, 0x0000000088a00000| 50%| E|  |TAMS 0x0000000088900000| PB 0x0000000088900000| Complete 
| 110|0x0000000088a00000, 0x0000000088b00000, 0x0000000088b00000|100%| E|CS|TAMS 0x0000000088a00000| PB 0x0000000088a00000| Complete 
| 111|0x0000000088b00000, 0x0000000088c00000, 0x0000000088c00000|100%| E|CS|TAMS 0x0000000088b00000| PB 0x0000000088b00000| Complete 
| 112|0x0000000088c00000, 0x0000000088d00000, 0x0000000088d00000|100%| E|CS|TAMS 0x0000000088c00000| PB 0x0000000088c00000| Complete 
| 113|0x0000000088d00000, 0x0000000088e00000, 0x0000000088e00000|100%| E|CS|TAMS 0x0000000088d00000| PB 0x0000000088d00000| Complete 
| 114|0x0000000088e00000, 0x0000000088f00000, 0x0000000088f00000|100%| E|CS|TAMS 0x0000000088e00000| PB 0x0000000088e00000| Complete 
| 115|0x0000000088f00000, 0x0000000089000000, 0x0000000089000000|100%| E|CS|TAMS 0x0000000088f00000| PB 0x0000000088f00000| Complete 
| 127|0x0000000089b00000, 0x0000000089c00000, 0x0000000089c00000|100%| E|CS|TAMS 0x0000000089b00000| PB 0x0000000089b00000| Complete 
|2015|0x00000000ffb00000, 0x00000000ffc00000, 0x00000000ffc00000|100%| E|CS|TAMS 0x00000000ffb00000| PB 0x00000000ffb00000| Complete 
|2016|0x00000000ffc00000, 0x00000000ffd00000, 0x00000000ffd00000|100%| E|CS|TAMS 0x00000000ffc00000| PB 0x00000000ffc00000| Complete 
|2017|0x00000000ffd00000, 0x00000000ffe00000, 0x00000000ffe00000|100%| O|  |TAMS 0x00000000ffd00000| PB 0x00000000ffd00000| Untracked 
|2018|0x00000000ffe00000, 0x00000000fff00000, 0x00000000fff00000|100%| O|  |TAMS 0x00000000ffe00000| PB 0x00000000ffe00000| Untracked 
|2019|0x00000000fff00000, 0x0000000100000000, 0x0000000100000000|100%| O|  |TAMS 0x00000000fff00000| PB 0x00000000fff00000| Untracked 

Card table byte_map: [0x000001d4e7000000,0x000001d4e7400000] _byte_map_base: 0x000001d4e6bf2000

Marking Bits: (CMBitMap*) 0x000001d4d4b039d0
 Bits: [0x000001d4e7400000, 0x000001d4e9390000)

Polling page: 0x000001d4d2d00000

Metaspace:

Usage:
  Non-class:     55.21 MB used.
      Class:      7.15 MB used.
       Both:     62.36 MB used.

Virtual space:
  Non-class space:       64.00 MB reserved,      55.62 MB ( 87%) committed,  1 nodes.
      Class space:        1.00 GB reserved,       7.56 MB ( <1%) committed,  1 nodes.
             Both:        1.06 GB reserved,      63.19 MB (  6%) committed. 

Chunk freelists:
   Non-Class:  8.05 MB
       Class:  8.29 MB
        Both:  16.33 MB

MaxMetaspaceSize: unlimited
CompressedClassSpaceSize: 1.00 GB
Initial GC threshold: 21.00 MB
Current GC threshold: 78.56 MB
CDS: off
 - commit_granule_bytes: 65536.
 - commit_granule_words: 8192.
 - virtual_space_node_default_size: 8388608.
 - enlarge_chunks_in_place: 1.
 - use_allocation_guard: 0.


Internal statistics:

num_allocs_failed_limit: 3.
num_arena_births: 1346.
num_arena_deaths: 0.
num_vsnodes_births: 2.
num_vsnodes_deaths: 0.
num_space_committed: 1009.
num_space_uncommitted: 0.
num_chunks_returned_to_freelist: 3.
num_chunks_taken_from_freelist: 3588.
num_chunk_merges: 3.
num_chunk_splits: 2625.
num_chunks_enlarged: 1974.
num_inconsistent_stats: 0.

CodeHeap 'non-profiled nmethods': size=120000Kb used=4375Kb max_used=4375Kb free=115624Kb
 bounds [0x000001d4df6d0000, 0x000001d4dfb20000, 0x000001d4e6c00000]
CodeHeap 'profiled nmethods': size=120000Kb used=20250Kb max_used=20250Kb free=99749Kb
 bounds [0x000001d4d7c00000, 0x000001d4d8fd0000, 0x000001d4df130000]
CodeHeap 'non-nmethods': size=5760Kb used=1602Kb max_used=1684Kb free=4157Kb
 bounds [0x000001d4df130000, 0x000001d4df3a0000, 0x000001d4df6d0000]
 total_blobs=8662 nmethods=8002 adapters=562
 compilation: enabled
              stopped_count=0, restarted_count=0
 full_count=0

Compilation events (20 events):
Event: 13.411 Thread 0x000001d4eba76020 nmethod 8254 0x000001d4d8fbf690 code [0x000001d4d8fbf820, 0x000001d4d8fbf938]
Event: 13.417 Thread 0x000001d4eba76020 8255       3       org.jetbrains.kotlin.resolve.calls.tower.TowerResolver$Task::run$processImportingScope (56 bytes)
Event: 13.419 Thread 0x000001d4eba76020 nmethod 8255 0x000001d4d8fbfa10 code [0x000001d4d8fbfd80, 0x000001d4d8fc11a8]
Event: 13.419 Thread 0x000001d4eba76020 8256       3       org.jetbrains.kotlin.resolve.calls.tower.KotlinResolutionStatelessCallbacksImpl::getVariableCandidateIfInvoke (34 bytes)
Event: 13.420 Thread 0x000001d4eba76020 nmethod 8256 0x000001d4d8fc1910 code [0x000001d4d8fc1b60, 0x000001d4d8fc2388]
Event: 13.420 Thread 0x000001d4eba76020 8257       3       org.jetbrains.kotlin.resolve.lazy.ExplicitImportsIndexed::importsForName (9 bytes)
Event: 13.420 Thread 0x000001d4eba76020 nmethod 8257 0x000001d4d8fc2610 code [0x000001d4d8fc2880, 0x000001d4d8fc3200]
Event: 13.420 Thread 0x000001d4eba76020 8258       3       org.jetbrains.kotlin.com.google.common.collect.ImmutableListMultimap::get (6 bytes)
Event: 13.421 Thread 0x000001d4eba76020 nmethod 8258 0x000001d4d8fc3510 code [0x000001d4d8fc36e0, 0x000001d4d8fc3b00]
Event: 13.421 Thread 0x000001d4eba76020 8259       3       org.jetbrains.kotlin.resolve.calls.components.ClassicTypeSystemContextForCS::isStarProjection (6 bytes)
Event: 13.421 Thread 0x000001d4eba76020 nmethod 8259 0x000001d4d8fc3c90 code [0x000001d4d8fc3e40, 0x000001d4d8fc3f78]
Event: 13.421 Thread 0x000001d4eba76020 8260       1       org.jetbrains.kotlin.resolve.calls.inference.model.MutableConstraintStorage::getOuterSystemVariablesPrefixSize (5 bytes)
Event: 13.421 Thread 0x000001d4eba76020 nmethod 8260 0x000001d4dfb15710 code [0x000001d4dfb158a0, 0x000001d4dfb15968]
Event: 13.421 Thread 0x000001d4eba76020 8261       3       org.jetbrains.kotlin.types.TypeConstructorSubstitution::get (15 bytes)
Event: 13.422 Thread 0x000001d4eba76020 nmethod 8261 0x000001d4d8fc4010 code [0x000001d4d8fc4260, 0x000001d4d8fc4980]
Event: 13.423 Thread 0x000001d4eba76020 8262       3       org.jetbrains.kotlin.types.TypeWithEnhancementKt::getEnhancementDeeplyInternal (107 bytes)
Event: 13.423 Thread 0x000001d4eba76020 nmethod 8262 0x000001d4d8fc4c10 code [0x000001d4d8fc4ea0, 0x000001d4d8fc5b60]
Event: 13.425 Thread 0x000001d4eba76020 8263       3       org.jetbrains.kotlin.resolve.calls.inference.model.NewConstraintSystemImpl::isDefinitelyNotNullType (21 bytes)
Event: 13.426 Thread 0x000001d4eba76020 nmethod 8263 0x000001d4d8fc5e10 code [0x000001d4d8fc6040, 0x000001d4d8fc67a0]
Event: 13.427 Thread 0x000001d4eba76020 8264       3       org.jetbrains.kotlin.resolve.calls.components.PostponeArgumentsChecksKt::resolveKtPrimitive (131 bytes)

GC Heap History (20 events):
Event: 2.780 GC heap before
{Heap before GC invocations=6 (full 0):
 garbage-first heap   total 43008K, used 35466K [0x0000000081c00000, 0x0000000100000000)
  region size 1024K, 18 young (18432K), 3 survivors (3072K)
 Metaspace       used 29189K, committed 29504K, reserved 1114112K
  class space    used 3404K, committed 3520K, reserved 1048576K
}
Event: 2.818 GC heap after
{Heap after GC invocations=7 (full 0):
 garbage-first heap   total 47104K, used 28672K [0x0000000081c00000, 0x0000000100000000)
  region size 1024K, 3 young (3072K), 3 survivors (3072K)
 Metaspace       used 29189K, committed 29504K, reserved 1114112K
  class space    used 3404K, committed 3520K, reserved 1048576K
}
Event: 2.909 GC heap before
{Heap before GC invocations=7 (full 0):
 garbage-first heap   total 47104K, used 34816K [0x0000000081c00000, 0x0000000100000000)
  region size 1024K, 10 young (10240K), 3 survivors (3072K)
 Metaspace       used 29195K, committed 29504K, reserved 1114112K
  class space    used 3404K, committed 3520K, reserved 1048576K
}
Event: 2.927 GC heap after
{Heap after GC invocations=8 (full 0):
 garbage-first heap   total 77824K, used 24064K [0x0000000081c00000, 0x0000000100000000)
  region size 1024K, 2 young (2048K), 2 survivors (2048K)
 Metaspace       used 29195K, committed 29504K, reserved 1114112K
  class space    used 3404K, committed 3520K, reserved 1048576K
}
Event: 3.626 GC heap before
{Heap before GC invocations=8 (full 0):
 garbage-first heap   total 77824K, used 59904K [0x0000000081c00000, 0x0000000100000000)
  region size 1024K, 34 young (34816K), 2 survivors (2048K)
 Metaspace       used 32572K, committed 32832K, reserved 1114112K
  class space    used 3967K, committed 4096K, reserved 1048576K
}
Event: 3.648 GC heap after
{Heap after GC invocations=9 (full 0):
 garbage-first heap   total 77824K, used 29411K [0x0000000081c00000, 0x0000000100000000)
  region size 1024K, 5 young (5120K), 5 survivors (5120K)
 Metaspace       used 32572K, committed 32832K, reserved 1114112K
  class space    used 3967K, committed 4096K, reserved 1048576K
}
Event: 4.067 GC heap before
{Heap before GC invocations=9 (full 0):
 garbage-first heap   total 77824K, used 52963K [0x0000000081c00000, 0x0000000100000000)
  region size 1024K, 19 young (19456K), 5 survivors (5120K)
 Metaspace       used 35255K, committed 35584K, reserved 1114112K
  class space    used 4245K, committed 4416K, reserved 1048576K
}
Event: 4.085 GC heap after
{Heap after GC invocations=10 (full 0):
 garbage-first heap   total 77824K, used 42847K [0x0000000081c00000, 0x0000000100000000)
  region size 1024K, 3 young (3072K), 3 survivors (3072K)
 Metaspace       used 35255K, committed 35584K, reserved 1114112K
  class space    used 4245K, committed 4416K, reserved 1048576K
}
Event: 4.701 GC heap before
{Heap before GC invocations=11 (full 0):
 garbage-first heap   total 77824K, used 64351K [0x0000000081c00000, 0x0000000100000000)
  region size 1024K, 24 young (24576K), 3 survivors (3072K)
 Metaspace       used 39384K, committed 39680K, reserved 1114112K
  class space    used 4659K, committed 4800K, reserved 1048576K
}
Event: 4.710 GC heap after
{Heap after GC invocations=12 (full 0):
 garbage-first heap   total 77824K, used 45675K [0x0000000081c00000, 0x0000000100000000)
  region size 1024K, 3 young (3072K), 3 survivors (3072K)
 Metaspace       used 39384K, committed 39680K, reserved 1114112K
  class space    used 4659K, committed 4800K, reserved 1048576K
}
Event: 5.337 GC heap before
{Heap before GC invocations=12 (full 0):
 garbage-first heap   total 77824K, used 65131K [0x0000000081c00000, 0x0000000100000000)
  region size 1024K, 23 young (23552K), 3 survivors (3072K)
 Metaspace       used 42978K, committed 43520K, reserved 1114112K
  class space    used 5048K, committed 5312K, reserved 1048576K
}
Event: 5.347 GC heap after
{Heap after GC invocations=13 (full 0):
 garbage-first heap   total 77824K, used 46379K [0x0000000081c00000, 0x0000000100000000)
  region size 1024K, 2 young (2048K), 2 survivors (2048K)
 Metaspace       used 42978K, committed 43520K, reserved 1114112K
  class space    used 5048K, committed 5312K, reserved 1048576K
}
Event: 6.324 GC heap before
{Heap before GC invocations=13 (full 0):
 garbage-first heap   total 77824K, used 65835K [0x0000000081c00000, 0x0000000100000000)
  region size 1024K, 22 young (22528K), 2 survivors (2048K)
 Metaspace       used 47275K, committed 48064K, reserved 1114112K
  class space    used 5580K, committed 5952K, reserved 1048576K
}
Event: 6.335 GC heap after
{Heap after GC invocations=14 (full 0):
 garbage-first heap   total 124928K, used 48752K [0x0000000081c00000, 0x0000000100000000)
  region size 1024K, 3 young (3072K), 3 survivors (3072K)
 Metaspace       used 47275K, committed 48064K, reserved 1114112K
  class space    used 5580K, committed 5952K, reserved 1048576K
}
Event: 7.418 GC heap before
{Heap before GC invocations=15 (full 0):
 garbage-first heap   total 124928K, used 97904K [0x0000000081c00000, 0x0000000100000000)
  region size 1024K, 51 young (52224K), 3 survivors (3072K)
 Metaspace       used 51292K, committed 52032K, reserved 1114112K
  class space    used 6018K, committed 6336K, reserved 1048576K
}
Event: 7.435 GC heap after
{Heap after GC invocations=16 (full 0):
 garbage-first heap   total 124928K, used 52299K [0x0000000081c00000, 0x0000000100000000)
  region size 1024K, 6 young (6144K), 6 survivors (6144K)
 Metaspace       used 51292K, committed 52032K, reserved 1114112K
  class space    used 6018K, committed 6336K, reserved 1048576K
}
Event: 10.292 GC heap before
{Heap before GC invocations=16 (full 0):
 garbage-first heap   total 124928K, used 100427K [0x0000000081c00000, 0x0000000100000000)
  region size 1024K, 53 young (54272K), 6 survivors (6144K)
 Metaspace       used 59046K, committed 59904K, reserved 1114112K
  class space    used 6885K, committed 7296K, reserved 1048576K
}
Event: 10.319 GC heap after
{Heap after GC invocations=17 (full 0):
 garbage-first heap   total 124928K, used 58368K [0x0000000081c00000, 0x0000000100000000)
  region size 1024K, 7 young (7168K), 7 survivors (7168K)
 Metaspace       used 59046K, committed 59904K, reserved 1114112K
  class space    used 6885K, committed 7296K, reserved 1048576K
}
Event: 13.073 GC heap before
{Heap before GC invocations=17 (full 0):
 garbage-first heap   total 124928K, used 104448K [0x0000000081c00000, 0x0000000100000000)
  region size 1024K, 52 young (53248K), 7 survivors (7168K)
 Metaspace       used 63649K, committed 64512K, reserved 1114112K
  class space    used 7316K, committed 7744K, reserved 1048576K
}
Event: 13.104 GC heap after
{Heap after GC invocations=18 (full 0):
 garbage-first heap   total 124928K, used 65024K [0x0000000081c00000, 0x0000000100000000)
  region size 1024K, 6 young (6144K), 6 survivors (6144K)
 Metaspace       used 63649K, committed 64512K, reserved 1114112K
  class space    used 7316K, committed 7744K, reserved 1048576K
}

Dll operation events (3 events):
Event: 0.011 Loaded shared library C:\Program Files\Android\Android Studio\jbr\bin\java.dll
Event: 0.034 Loaded shared library C:\Program Files\Android\Android Studio\jbr\bin\zip.dll
Event: 2.141 Loaded shared library C:\Program Files\Android\Android Studio\jbr\bin\verify.dll

Deoptimization events (20 events):
Event: 12.638 Thread 0x000001d4d26b7140 Uncommon trap: trap_request=0xffffffde fr.pc=0x000001d4dfaa4e00 relative=0x0000000000004b00
Event: 12.638 Thread 0x000001d4d26b7140 Uncommon trap: reason=class_check action=maybe_recompile pc=0x000001d4dfaa4e00 method=org.jetbrains.org.objectweb.asm.ClassReader.readMethod(Lorg/jetbrains/org/objectweb/asm/ClassVisitor;Lorg/jetbrains/org/objectweb/asm/Context;I)I @ 736 c2
Event: 12.639 Thread 0x000001d4d26b7140 DEOPT PACKING pc=0x000001d4dfaa4e00 sp=0x000000c9069fba10
Event: 12.639 Thread 0x000001d4d26b7140 DEOPT UNPACKING pc=0x000001d4df1846a2 sp=0x000000c9069fb990 mode 2
Event: 12.639 Thread 0x000001d4d26b7140 Uncommon trap: trap_request=0xffffffde fr.pc=0x000001d4dfaa4e00 relative=0x0000000000004b00
Event: 12.639 Thread 0x000001d4d26b7140 Uncommon trap: reason=class_check action=maybe_recompile pc=0x000001d4dfaa4e00 method=org.jetbrains.org.objectweb.asm.ClassReader.readMethod(Lorg/jetbrains/org/objectweb/asm/ClassVisitor;Lorg/jetbrains/org/objectweb/asm/Context;I)I @ 736 c2
Event: 12.639 Thread 0x000001d4d26b7140 DEOPT PACKING pc=0x000001d4dfaa4e00 sp=0x000000c9069fba10
Event: 12.639 Thread 0x000001d4d26b7140 DEOPT UNPACKING pc=0x000001d4df1846a2 sp=0x000000c9069fb990 mode 2
Event: 12.705 Thread 0x000001d4d26b7140 Uncommon trap: trap_request=0xffffffde fr.pc=0x000001d4dfa8f694 relative=0x0000000000000bb4
Event: 12.705 Thread 0x000001d4d26b7140 Uncommon trap: reason=class_check action=maybe_recompile pc=0x000001d4dfa8f694 method=org.jetbrains.kotlin.serialization.deserialization.descriptors.DeserializedMemberScope$OptimizedImplementation.getContributedVariables(Lorg/jetbrains/kotlin/name/Name;Lo
Event: 12.705 Thread 0x000001d4d26b7140 DEOPT PACKING pc=0x000001d4dfa8f694 sp=0x000000c9069fb150
Event: 12.705 Thread 0x000001d4d26b7140 DEOPT UNPACKING pc=0x000001d4df1846a2 sp=0x000000c9069fb098 mode 2
Event: 12.735 Thread 0x000001d4d26b7140 Uncommon trap: trap_request=0xffffffde fr.pc=0x000001d4dfa8f694 relative=0x0000000000000bb4
Event: 12.735 Thread 0x000001d4d26b7140 Uncommon trap: reason=class_check action=maybe_recompile pc=0x000001d4dfa8f694 method=org.jetbrains.kotlin.serialization.deserialization.descriptors.DeserializedMemberScope$OptimizedImplementation.getContributedVariables(Lorg/jetbrains/kotlin/name/Name;Lo
Event: 12.735 Thread 0x000001d4d26b7140 DEOPT PACKING pc=0x000001d4dfa8f694 sp=0x000000c9069fa900
Event: 12.735 Thread 0x000001d4d26b7140 DEOPT UNPACKING pc=0x000001d4df1846a2 sp=0x000000c9069fa848 mode 2
Event: 13.153 Thread 0x000001d4d26b7140 Uncommon trap: trap_request=0xffffff3d fr.pc=0x000001d4df8c9800 relative=0x0000000000004500
Event: 13.153 Thread 0x000001d4d26b7140 Uncommon trap: reason=unstable_fused_if action=reinterpret pc=0x000001d4df8c9800 method=org.jetbrains.kotlin.metadata.ProtoBuf$Type.<init>(Lorg/jetbrains/kotlin/protobuf/CodedInputStream;Lorg/jetbrains/kotlin/protobuf/ExtensionRegistryLite;)V @ 49 c2
Event: 13.153 Thread 0x000001d4d26b7140 DEOPT PACKING pc=0x000001d4df8c9800 sp=0x000000c9069fa540
Event: 13.153 Thread 0x000001d4d26b7140 DEOPT UNPACKING pc=0x000001d4df1846a2 sp=0x000000c9069fa4f8 mode 2

Classes loaded (20 events):
Event: 8.174 Loading class java/util/EnumMap$EntrySet
Event: 8.177 Loading class java/util/EnumMap$EntrySet done
Event: 8.177 Loading class java/util/EnumMap$EntryIterator
Event: 8.177 Loading class java/util/EnumMap$EnumMapIterator
Event: 8.178 Loading class java/util/EnumMap$EnumMapIterator done
Event: 8.178 Loading class java/util/EnumMap$EntryIterator done
Event: 8.178 Loading class java/util/EnumMap$EntryIterator$Entry
Event: 8.178 Loading class java/util/EnumMap$EntryIterator$Entry done
Event: 9.887 Loading class java/util/RegularEnumSet$EnumSetIterator
Event: 9.887 Loading class java/util/RegularEnumSet$EnumSetIterator done
Event: 12.520 Loading class java/util/Collections$2
Event: 12.520 Loading class java/util/Collections$2 done
Event: 12.521 Loading class java/util/stream/FindOps
Event: 12.521 Loading class java/util/stream/FindOps done
Event: 12.522 Loading class java/util/stream/FindOps$FindSink$OfRef
Event: 12.522 Loading class java/util/stream/FindOps$FindSink
Event: 12.522 Loading class java/util/stream/FindOps$FindSink done
Event: 12.522 Loading class java/util/stream/FindOps$FindSink$OfRef done
Event: 12.522 Loading class java/util/stream/FindOps$FindOp
Event: 12.522 Loading class java/util/stream/FindOps$FindOp done

Classes unloaded (0 events):
No events

Classes redefined (0 events):
No events

Internal exceptions (20 events):
Event: 11.665 Thread 0x000001d4d26b7140 Implicit null exception at 0x000001d4df973ca0 to 0x000001d4df978210
Event: 11.665 Thread 0x000001d4d26b7140 Implicit null exception at 0x000001d4df973ca0 to 0x000001d4df978210
Event: 11.665 Thread 0x000001d4d26b7140 Implicit null exception at 0x000001d4df973ca0 to 0x000001d4df978210
Event: 11.665 Thread 0x000001d4d26b7140 Implicit null exception at 0x000001d4df973ca0 to 0x000001d4df978210
Event: 11.665 Thread 0x000001d4d26b7140 Implicit null exception at 0x000001d4df973ca0 to 0x000001d4df978210
Event: 11.665 Thread 0x000001d4d26b7140 Implicit null exception at 0x000001d4df973ca0 to 0x000001d4df978210
Event: 11.665 Thread 0x000001d4d26b7140 Implicit null exception at 0x000001d4df973ca0 to 0x000001d4df978210
Event: 11.665 Thread 0x000001d4d26b7140 Implicit null exception at 0x000001d4df973ca0 to 0x000001d4df978210
Event: 11.665 Thread 0x000001d4d26b7140 Implicit null exception at 0x000001d4df973ca0 to 0x000001d4df978210
Event: 11.665 Thread 0x000001d4d26b7140 Implicit null exception at 0x000001d4df973ca0 to 0x000001d4df978210
Event: 11.665 Thread 0x000001d4d26b7140 Implicit null exception at 0x000001d4df973ca0 to 0x000001d4df978210
Event: 11.665 Thread 0x000001d4d26b7140 Implicit null exception at 0x000001d4df997c2b to 0x000001d4df999190
Event: 11.669 Thread 0x000001d4d26b7140 Implicit null exception at 0x000001d4df993deb to 0x000001d4df9947c8
Event: 11.921 Thread 0x000001d4d26b7140 Exception <a 'java/lang/NoSuchMethodError'{0x0000000087a0f998}: 'java.lang.Object java.lang.invoke.DirectMethodHandle$Holder.newInvokeSpecial(java.lang.Object, int, java.lang.Object, java.lang.Object)'> (0x0000000087a0f998) 
thrown [s\src\hotspot\share\interpreter\linkResolver.cpp, line 784]
Event: 12.499 Thread 0x000001d4d26b7140 Exception <a 'java/lang/NoSuchMethodError'{0x00000000870a0708}: 'java.lang.Object java.lang.invoke.DirectMethodHandle$Holder.invokeInterface(java.lang.Object, java.lang.Object, java.lang.Object)'> (0x00000000870a0708) 
thrown [s\src\hotspot\share\interpreter\linkResolver.cpp, line 784]
Event: 12.499 Thread 0x000001d4d26b7140 Exception <a 'java/lang/IncompatibleClassChangeError'{0x00000000870a3db0}: Found class java.lang.Object, but interface was expected> (0x00000000870a3db0) 
thrown [s\src\hotspot\share\interpreter\linkResolver.cpp, line 851]
Event: 12.703 Thread 0x000001d4d26b7140 Exception <a 'java/lang/NoSuchMethodError'{0x0000000086bc4958}: 'java.lang.Object java.lang.invoke.DirectMethodHandle$Holder.invokeStatic(java.lang.Object, java.lang.Object, int, java.lang.Object)'> (0x0000000086bc4958) 
thrown [s\src\hotspot\share\interpreter\linkResolver.cpp, line 784]
Event: 12.703 Thread 0x000001d4d26b7140 Exception <a 'java/lang/NoSuchMethodError'{0x0000000086bcbe10}: 'java.lang.Object java.lang.invoke.DirectMethodHandle$Holder.newInvokeSpecial(java.lang.Object, java.lang.Object, int, java.lang.Object)'> (0x0000000086bcbe10) 
thrown [s\src\hotspot\share\interpreter\linkResolver.cpp, line 784]
Event: 12.704 Thread 0x000001d4d26b7140 Exception <a 'java/lang/NoSuchMethodError'{0x0000000086bd0210}: 'java.lang.Object java.lang.invoke.DirectMethodHandle$Holder.invokeSpecial(java.lang.Object, java.lang.Object, java.lang.Object, int, java.lang.Object)'> (0x0000000086bd0210) 
thrown [s\src\hotspot\share\interpreter\linkResolver.cpp, line 784]
Event: 12.704 Thread 0x000001d4d26b7140 Exception <a 'java/lang/NoSuchMethodError'{0x0000000086bd4188}: 'java.lang.Object java.lang.invoke.Invokers$Holder.linkToTargetMethod(java.lang.Object, int, java.lang.Object, java.lang.Object)'> (0x0000000086bd4188) 
thrown [s\src\hotspot\share\interpreter\linkResolver.cpp, line 784]

ZGC Phase Switch (0 events):
No events

VM Operations (20 events):
Event: 12.101 Executing VM operation: HandshakeAllThreads (Deoptimize)
Event: 12.101 Executing VM operation: HandshakeAllThreads (Deoptimize) done
Event: 12.202 Executing VM operation: ICBufferFull
Event: 12.202 Executing VM operation: ICBufferFull done
Event: 12.384 Executing VM operation: ICBufferFull
Event: 12.384 Executing VM operation: ICBufferFull done
Event: 12.422 Executing VM operation: HandshakeAllThreads (Deoptimize)
Event: 12.422 Executing VM operation: HandshakeAllThreads (Deoptimize) done
Event: 12.559 Executing VM operation: ICBufferFull
Event: 12.559 Executing VM operation: ICBufferFull done
Event: 12.755 Executing VM operation: HandshakeAllThreads (Deoptimize)
Event: 12.755 Executing VM operation: HandshakeAllThreads (Deoptimize) done
Event: 12.853 Executing VM operation: ICBufferFull
Event: 12.853 Executing VM operation: ICBufferFull done
Event: 13.073 Executing VM operation: G1CollectForAllocation (G1 Evacuation Pause)
Event: 13.104 Executing VM operation: G1CollectForAllocation (G1 Evacuation Pause) done
Event: 13.358 Executing VM operation: HandshakeAllThreads (Deoptimize)
Event: 13.358 Executing VM operation: HandshakeAllThreads (Deoptimize) done
Event: 13.410 Executing VM operation: ICBufferFull
Event: 13.410 Executing VM operation: ICBufferFull done

Memory protections (0 events):
No events

Nmethod flushes (20 events):
Event: 6.437 Thread 0x000001d4eb8badb0 flushing  nmethod 0x000001d4d7e53e90
Event: 6.437 Thread 0x000001d4eb8badb0 flushing  nmethod 0x000001d4d7e6b790
Event: 6.437 Thread 0x000001d4eb8badb0 flushing  nmethod 0x000001d4d7e6c590
Event: 6.437 Thread 0x000001d4eb8badb0 flushing  nmethod 0x000001d4d7e6d110
Event: 6.437 Thread 0x000001d4eb8badb0 flushing  nmethod 0x000001d4d7e6f690
Event: 6.437 Thread 0x000001d4eb8badb0 flushing  nmethod 0x000001d4d7e6fa10
Event: 6.437 Thread 0x000001d4eb8badb0 flushing  nmethod 0x000001d4d7e70310
Event: 6.437 Thread 0x000001d4eb8badb0 flushing  nmethod 0x000001d4d7e70690
Event: 6.437 Thread 0x000001d4eb8badb0 flushing  nmethod 0x000001d4d7e70c10
Event: 6.437 Thread 0x000001d4eb8badb0 flushing  nmethod 0x000001d4d7e71790
Event: 6.437 Thread 0x000001d4eb8badb0 flushing  nmethod 0x000001d4d7e74190
Event: 6.437 Thread 0x000001d4eb8badb0 flushing  nmethod 0x000001d4d7e79890
Event: 6.437 Thread 0x000001d4eb8badb0 flushing  nmethod 0x000001d4d7e7a510
Event: 6.437 Thread 0x000001d4eb8badb0 flushing  nmethod 0x000001d4d7e7ad90
Event: 6.437 Thread 0x000001d4eb8badb0 flushing  nmethod 0x000001d4d7e7b410
Event: 6.437 Thread 0x000001d4eb8badb0 flushing  nmethod 0x000001d4d7e7c010
Event: 6.437 Thread 0x000001d4eb8badb0 flushing  nmethod 0x000001d4d7e7c490
Event: 6.437 Thread 0x000001d4eb8badb0 flushing  nmethod 0x000001d4d7e7cf10
Event: 6.437 Thread 0x000001d4eb8badb0 flushing  nmethod 0x000001d4d7e80390
Event: 6.437 Thread 0x000001d4eb8badb0 flushing  nmethod 0x000001d4d7e80e10

Events (20 events):
Event: 0.028 Thread 0x000001d4d26b7140 Thread added: 0x000001d4d26b7140
Event: 0.174 Thread 0x000001d4d26b7140 Thread added: 0x000001d4eba91a70
Event: 0.175 Thread 0x000001d4d26b7140 Thread added: 0x000001d4eba924c0
Event: 0.176 Thread 0x000001d4d26b7140 Thread added: 0x000001d4eba94fd0
Event: 0.176 Thread 0x000001d4d26b7140 Thread added: 0x000001d4ebaa8950
Event: 0.176 Thread 0x000001d4d26b7140 Thread added: 0x000001d4eba95c70
Event: 0.176 Thread 0x000001d4d26b7140 Thread added: 0x000001d4eba966c0
Event: 0.177 Thread 0x000001d4d26b7140 Thread added: 0x000001d4eba93170
Event: 0.177 Thread 0x000001d4d26b7140 Thread added: 0x000001d4eba76020
Event: 0.237 Thread 0x000001d4d26b7140 Thread added: 0x000001d4ebc48870
Event: 0.244 Thread 0x000001d4d26b7140 Thread added: 0x000001d4ebc474c0
Event: 0.257 Loaded shared library C:\Program Files\Android\Android Studio\jbr\bin\net.dll
Event: 0.261 Loaded shared library C:\Program Files\Android\Android Studio\jbr\bin\nio.dll
Event: 0.295 Thread 0x000001d4eba93170 Thread added: 0x000001d4ebcc5570
Event: 0.310 Loaded shared library C:\Program Files\Android\Android Studio\jbr\bin\zip.dll
Event: 0.351 Loaded shared library C:\Program Files\Android\Android Studio\jbr\bin\jimage.dll
Event: 0.910 Thread 0x000001d4ebcc5570 Thread exited: 0x000001d4ebcc5570
Event: 2.295 Thread 0x000001d4eba76020 Thread added: 0x000001d4f1750d70
Event: 4.840 Thread 0x000001d4f1750d70 Thread exited: 0x000001d4f1750d70
Event: 4.979 Thread 0x000001d4eba76020 Thread added: 0x000001d4f63c9260


Dynamic libraries:
0x00007ff770b80000 - 0x00007ff770b8a000 	C:\Program Files\Android\Android Studio\jbr\bin\java.exe
0x00007ffb98dc0000 - 0x00007ffb99027000 	C:\WINDOWS\SYSTEM32\ntdll.dll
0x00007ffb98010000 - 0x00007ffb980d9000 	C:\WINDOWS\System32\KERNEL32.DLL
0x00007ffb95a40000 - 0x00007ffb95e34000 	C:\WINDOWS\System32\KERNELBASE.dll
0x00007ffb95e40000 - 0x00007ffb95f8b000 	C:\WINDOWS\System32\ucrtbase.dll
0x00007ffb77ac0000 - 0x00007ffb77ad8000 	C:\Program Files\Android\Android Studio\jbr\bin\jli.dll
0x00007ffb76e30000 - 0x00007ffb76e4b000 	C:\Program Files\Android\Android Studio\jbr\bin\VCRUNTIME140.dll
0x00007ffb98500000 - 0x00007ffb986c5000 	C:\WINDOWS\System32\USER32.dll
0x00007ffb840d0000 - 0x00007ffb84363000 	C:\WINDOWS\WinSxS\amd64_microsoft.windows.common-controls_6595b64144ccf1df_6.0.26100.8115_none_3e075c82e3354f9c\COMCTL32.dll
0x00007ffb957d0000 - 0x00007ffb957f7000 	C:\WINDOWS\System32\win32u.dll
0x00007ffb98110000 - 0x00007ffb981b9000 	C:\WINDOWS\System32\msvcrt.dll
0x00007ffb96ff0000 - 0x00007ffb9701b000 	C:\WINDOWS\System32\GDI32.dll
0x00007ffb95f90000 - 0x00007ffb960ba000 	C:\WINDOWS\System32\gdi32full.dll
0x00007ffb95690000 - 0x00007ffb95733000 	C:\WINDOWS\System32\msvcp_win.dll
0x00007ffb977e0000 - 0x00007ffb97812000 	C:\WINDOWS\System32\IMM32.DLL
0x00007ffb7b670000 - 0x00007ffb7b67c000 	C:\Program Files\Android\Android Studio\jbr\bin\vcruntime140_1.dll
0x00007ffb36c00000 - 0x00007ffb36c8d000 	C:\Program Files\Android\Android Studio\jbr\bin\msvcp140.dll
0x00007ffae5ce0000 - 0x00007ffae696b000 	C:\Program Files\Android\Android Studio\jbr\bin\server\jvm.dll
0x00007ffb988b0000 - 0x00007ffb98966000 	C:\WINDOWS\System32\ADVAPI32.dll
0x00007ffb98b50000 - 0x00007ffb98bf7000 	C:\WINDOWS\System32\sechost.dll
0x00007ffb983e0000 - 0x00007ffb984f8000 	C:\WINDOWS\System32\RPCRT4.dll
0x00007ffb96f60000 - 0x00007ffb96fe0000 	C:\WINDOWS\System32\WS2_32.dll
0x00007ffb95510000 - 0x00007ffb9556e000 	C:\WINDOWS\SYSTEM32\POWRPROF.dll
0x00007ffb64520000 - 0x00007ffb64556000 	C:\WINDOWS\SYSTEM32\WINMM.dll
0x00007ffb80610000 - 0x00007ffb8061b000 	C:\WINDOWS\SYSTEM32\VERSION.dll
0x00007ffb954f0000 - 0x00007ffb95504000 	C:\WINDOWS\SYSTEM32\UMPDC.dll
0x00007ffb94420000 - 0x00007ffb9443b000 	C:\WINDOWS\SYSTEM32\kernel.appcore.dll
0x00007ffb79610000 - 0x00007ffb7961a000 	C:\Program Files\Android\Android Studio\jbr\bin\jimage.dll
0x00007ffb935c0000 - 0x00007ffb93802000 	C:\WINDOWS\SYSTEM32\DBGHELP.DLL
0x00007ffb96b50000 - 0x00007ffb96ed2000 	C:\WINDOWS\System32\combase.dll
0x00007ffb976f0000 - 0x00007ffb977c7000 	C:\WINDOWS\System32\OLEAUT32.dll
0x00007ffb7b4f0000 - 0x00007ffb7b52b000 	C:\WINDOWS\SYSTEM32\dbgcore.DLL
0x00007ffb96930000 - 0x00007ffb969d5000 	C:\WINDOWS\System32\bcryptPrimitives.dll
0x00007ffb75c20000 - 0x00007ffb75c40000 	C:\Program Files\Android\Android Studio\jbr\bin\java.dll
0x00007ffb73d20000 - 0x00007ffb73d38000 	C:\Program Files\Android\Android Studio\jbr\bin\zip.dll
0x00007ffb978a0000 - 0x00007ffb98006000 	C:\WINDOWS\System32\SHELL32.dll
0x00007ffb969e0000 - 0x00007ffb96b4a000 	C:\WINDOWS\System32\wintypes.dll
0x00007ffb960c0000 - 0x00007ffb96925000 	C:\WINDOWS\System32\windows.storage.dll
0x00007ffb98c10000 - 0x00007ffb98d07000 	C:\WINDOWS\System32\SHCORE.dll
0x00007ffb98d10000 - 0x00007ffb98d76000 	C:\WINDOWS\System32\shlwapi.dll
0x00007ffb95580000 - 0x00007ffb955a9000 	C:\WINDOWS\SYSTEM32\profapi.dll
0x00007ffb791c0000 - 0x00007ffb791d0000 	C:\Program Files\Android\Android Studio\jbr\bin\net.dll
0x00007ffb8edf0000 - 0x00007ffb8ef1d000 	C:\WINDOWS\SYSTEM32\WINHTTP.dll
0x00007ffb94990000 - 0x00007ffb949fc000 	C:\WINDOWS\system32\mswsock.dll
0x00007ffb72b50000 - 0x00007ffb72b66000 	C:\Program Files\Android\Android Studio\jbr\bin\nio.dll
0x00007ffb78c10000 - 0x00007ffb78c20000 	C:\Program Files\Android\Android Studio\jbr\bin\verify.dll

dbghelp: loaded successfully - version: 4.0.5 - missing functions: none
symbol engine: initialized successfully - sym options: 0x614 - pdb path: .;C:\Program Files\Android\Android Studio\jbr\bin;C:\WINDOWS\SYSTEM32;C:\WINDOWS\WinSxS\amd64_microsoft.windows.common-controls_6595b64144ccf1df_6.0.26100.8115_none_3e075c82e3354f9c;C:\Program Files\Android\Android Studio\jbr\bin\server

VM Arguments:
java_command: org.jetbrains.kotlin.cli.jvm.K2JVMCompiler @C:\Flutters\src\flutter\packages\flutter_tools\gradle\build\20260410_15654669951345519304.compiler.options
java_class_path (initial): C:\Users\yousa\.gradle\caches\modules-2\files-2.1\org.jetbrains.kotlin\kotlin-compiler-embeddable\2.0.21\79346ed53db48b18312a472602eb5c057070c54d\kotlin-compiler-embeddable-2.0.21.jar;C:\Users\yousa\.gradle\caches\modules-2\files-2.1\org.jetbrains.kotlin\kotlin-stdlib\2.0.21\618b539767b4899b4660a83006e052b63f1db551\kotlin-stdlib-2.0.21.jar;C:\Users\yousa\.gradle\caches\modules-2\files-2.1\org.jetbrains.kotlin\kotlin-script-runtime\2.0.21\c9b044380ad41f89aa89aa896c2d32a8c0b2129d\kotlin-script-runtime-2.0.21.jar;C:\Users\yousa\.gradle\caches\modules-2\files-2.1\org.jetbrains.kotlin\kotlin-reflect\1.6.10\1cbe9c92c12a94eea200d23c2bbaedaf3daf5132\kotlin-reflect-1.6.10.jar;C:\Users\yousa\.gradle\caches\modules-2\files-2.1\org.jetbrains.kotlin\kotlin-daemon-embeddable\2.0.21\c9e933b23287de9b5a17e2116b4657bb91aea72c\kotlin-daemon-embeddable-2.0.21.jar;C:\Users\yousa\.gradle\caches\modules-2\files-2.1\org.jetbrains.intellij.deps\trove4j\1.0.20200330\3afb14d5f9ceb459d724e907a21145e8ff394f02\trove4j-1.0.20200330.jar;C:\Users\yousa\.gradle\caches\modules-2\files-2.1\org.jetbrains.kotlinx\kotlinx-coroutines-core-jvm\1.6.4\2c997cd1c0ef33f3e751d3831929aeff1390cb30\kotlinx-coroutines-core-jvm-1.6.4.jar;C:\Users\yousa\.gradle\caches\modules-2\files-2.1\org.jetbrains\annotations\13.0\919f0dfe192fb4e063e7dacadee7f8bb9a2672a9\annotations-13.0.jar
Launcher Type: SUN_STANDARD

[Global flags]
     intx CICompilerCount                          = 3                                         {product} {ergonomic}
     uint ConcGCThreads                            = 1                                         {product} {ergonomic}
     uint G1ConcRefinementThreads                  = 4                                         {product} {ergonomic}
   size_t G1HeapRegionSize                         = 1048576                                   {product} {ergonomic}
    uintx GCDrainStackTargetSize                   = 64                                        {product} {ergonomic}
   size_t InitialHeapSize                          = 134217728                                 {product} {ergonomic}
   size_t MarkStackSize                            = 4194304                                   {product} {ergonomic}
   size_t MaxHeapSize                              = 2118123520                                {product} {ergonomic}
   size_t MaxNewSize                               = 1270874112                                {product} {ergonomic}
   size_t MinHeapDeltaBytes                        = 1048576                                   {product} {ergonomic}
   size_t MinHeapSize                              = 8388608                                   {product} {ergonomic}
    uintx NonNMethodCodeHeapSize                   = 5832780                                {pd product} {ergonomic}
    uintx NonProfiledCodeHeapSize                  = 122912730                              {pd product} {ergonomic}
    uintx ProfiledCodeHeapSize                     = 122912730                              {pd product} {ergonomic}
    uintx ReservedCodeCacheSize                    = 251658240                              {pd product} {ergonomic}
     bool SegmentedCodeCache                       = true                                      {product} {ergonomic}
   size_t SoftMaxHeapSize                          = 2118123520                             {manageable} {ergonomic}
     bool UseCompressedOops                        = true                           {product lp64_product} {ergonomic}
     bool UseG1GC                                  = true                                      {product} {ergonomic}
     bool UseLargePagesIndividualAllocation        = false                                  {pd product} {ergonomic}

Logging:
Log output configuration:
 #0: stdout all=warning uptime,level,tags foldmultilines=false
 #1: stderr all=off uptime,level,tags foldmultilines=false

Environment Variables:
JAVA_HOME=C:\Program Files\Android\Android Studio\jbr
CLASSPATH=D:\Flutter Projects\rehan_trader_website\android\\gradle\wrapper\gradle-wrapper.jar
PATH=C:\Program Files\Android\Android Studio\jbr\bin;C:\Users\yousa\AppData\Local\Programs\Microsoft VS Code;C:\Program Files (x86)\VMware\VMware Player\bin\;C:\Program Files\Eclipse Adoptium\jdk-17.0.15.6-hotspot\bin;C:\WINDOWS\system32;C:\WINDOWS;C:\WINDOWS\System32\Wbem;C:\WINDOWS\System32\WindowsPowerShell\v1.0\;C:\WINDOWS\System32\OpenSSH\;C:\Program Files\Git\cmd;%JAVA_HOME%\bin;C:\Program Files\nodejs\;;C:\ProgramData\chocolatey\bin;C:\Program Files (x86)\Windows Kits\10\Windows Performance Toolkit\;C:\Users\yousa\AppData\Local\Microsoft\WindowsApps;C:\Users\yousa\AppData\Local\Programs\Microsoft VS Code\bin;C:\Flutters\src\flutter\bin;C:\Users\yousa\AppData\Local\Android\Sdk\platform-tools;C:\Users\yousa\AppData\Local\Android\Sdk\emulator;C:\Users\yousa\AppData\Local\Android\Sdk\tools;C:\Users\yousa\AppData\Roaming\npm;C:\Users\yousa\AppData\Local\Pub\Cache\bin;;C:\tools\dart-sdk\bin;C:\Users\yousa\AppData\Local\Programs\Antigravity\bin;C:\Flutters\src\flutter\bin\mingit\cmd;C:\Flutters\src\flutter\bin\mingit\cmd
USERNAME=yousa
OS=Windows_NT
PROCESSOR_IDENTIFIER=Intel64 Family 6 Model 78 Stepping 3, GenuineIntel
TMP=C:\Users\yousa\AppData\Local\Temp
TEMP=C:\Users\yousa\AppData\Local\Temp




Periodic native trim disabled

JNI global refs:
JNI global refs: 10, weak refs: 5

JNI global refs memory usage: 835, weak refs: 833

Process memory usage:
Resident Set Size: 311504K (3% of 8271148K total physical memory with 659644K free physical memory)

OOME stack traces (most recent first):
Classloader memory used:
Loader jdk.internal.loader.ClassLoaders$AppClassLoader                                 : 49881K
Loader bootstrap                                                                       : 12988K
Loader java.net.URLClassLoader                                                         : 590K
Loader jdk.internal.jrtfs.JrtFileSystemProvider$JrtFsLoader                            : 332K
Loader jdk.internal.loader.ClassLoaders$PlatformClassLoader                            : 67816B

Classes loaded by more than one classloader:
Class jdk.internal.jimage.BasicImageReader                                            : loaded 2 times (x 91B)
Class jdk.internal.jimage.decompressor.StringSharingDecompressorFactory               : loaded 2 times (x 70B)
Class jdk.internal.jrtfs.JrtFileSystemProvider                                        : loaded 2 times (x 97B)
Class jdk.internal.jimage.ImageLocation                                               : loaded 2 times (x 86B)
Class jdk.internal.jimage.ImageBufferCache$1                                          : loaded 2 times (x 79B)
Class jdk.internal.jimage.ImageBufferCache$2                                          : loaded 2 times (x 87B)
Class jdk.internal.jimage.ImageHeader                                                 : loaded 2 times (x 67B)
Class jdk.internal.jimage.decompressor.ResourceDecompressor                           : loaded 2 times (x 66B)
Class jdk.internal.jimage.ImageStringsReader                                          : loaded 2 times (x 76B)
Class jdk.internal.jimage.ImageReader                                                 : loaded 2 times (x 71B)
Class jdk.internal.jimage.ImageReader$SharedImageReader                               : loaded 2 times (x 91B)
Class jdk.internal.jimage.decompressor.ResourceDecompressorFactory                    : loaded 2 times (x 70B)
Class jdk.internal.jimage.ImageReader$Node                                            : loaded 2 times (x 80B)
Class jdk.internal.jimage.BasicImageReader$1                                          : loaded 2 times (x 73B)
Class jdk.internal.jimage.decompressor.Decompressor                                   : loaded 2 times (x 68B)
Class jdk.internal.jimage.ImageBufferCache                                            : loaded 2 times (x 67B)
Class jdk.internal.jrtfs.JrtPath                                                      : loaded 2 times (x 114B)
Class jdk.internal.jimage.decompressor.ResourceDecompressorRepository                 : loaded 2 times (x 67B)
Class jdk.internal.jimage.ImageReader$Directory                                       : loaded 2 times (x 80B)
Class jdk.internal.jimage.decompressor.ZipDecompressorFactory                         : loaded 2 times (x 70B)
Class jdk.internal.jimage.decompressor.ZipDecompressor                                : loaded 2 times (x 71B)
Class jdk.internal.jimage.ImageStrings                                                : loaded 2 times (x 66B)
Class jdk.internal.jrtfs.JrtFileSystem                                                : loaded 2 times (x 98B)
Class jdk.internal.jimage.decompressor.CompressedResourceHeader                       : loaded 2 times (x 67B)
Class jdk.internal.jimage.decompressor.ResourceDecompressor$StringsProvider           : loaded 2 times (x 66B)

---------------  S Y S T E M  ---------------

OS:
 Windows 11 , 64 bit Build 26100 (10.0.26100.8115)
OS uptime: 0 days 2:10 hours

CPU: total 4 (initial active 4) (2 cores per cpu, 2 threads per core) family 6 model 78 stepping 3 microcode 0xd6, cx8, cmov, fxsr, ht, mmx, 3dnowpref, sse, sse2, sse3, ssse3, sse4.1, sse4.2, popcnt, lzcnt, tsc, tscinvbit, avx, avx2, aes, erms, clmul, bmi1, bmi2, rtm, adx, fma, vzeroupper, clflush, clflushopt, rdtscp, f16c
Processor Information for the first 4 processors :
  Max Mhz: 2496, Current Mhz: 2396, Mhz Limit: 2396

Memory: 4k page, system-wide physical 8077M (638M free)
TotalPageFile size 19419M (AvailPageFile size 2M)
current process WorkingSet (physical memory assigned to process): 304M, peak: 304M
current process commit charge ("private bytes"): 326M, peak: 327M

vm_info: OpenJDK 64-Bit Server VM (21.0.6+-13368085-b895.109) for windows-amd64 JRE (21.0.6+-13368085-b895.109), built on 2025-04-16T17:01:31Z by "builder" with MS VC++ 16.10 / 16.11 (VS2019)

END.
