#
# There is insufficient memory for the Java Runtime Environment to continue.
# Native memory allocation (mmap) failed to map 835584 bytes. Error detail: G1 virtual space
# Possible reasons:
#   The system is out of physical RAM or swap space
#   This process is running with CompressedOops enabled, and the Java Heap may be blocking the growth of the native heap
# Possible solutions:
#   Reduce memory load on the system
#   Increase physical memory or swap space
#   Check if swap backing store is full
#   Decrease Java heap size (-Xmx/-Xms)
#   Decrease number of Java threads
#   Decrease Java thread stack sizes (-Xss)
#   Set larger code cache with -XX:ReservedCodeCacheSize=
#   JVM is running with Unscaled Compressed Oops mode in which the Java heap is
#     placed in the first 4GB address space. The Java Heap base address is the
#     maximum limit for the native heap growth. Please use -XX:HeapBaseMinAddress
#     to set the Java Heap base and to place the Java Heap above 4GB virtual address.
# This output file may be truncated or incomplete.
#
#  Out of Memory Error (os_windows.cpp:3898), pid=3136, tid=5444
#
# JRE version: OpenJDK Runtime Environment (21.0.6) (build 21.0.6+-13368085-b895.109)
# Java VM: OpenJDK 64-Bit Server VM (21.0.6+-13368085-b895.109, mixed mode, tiered, compressed oops, compressed class ptrs, g1 gc, windows-amd64)
# No core dump will be written. Minidumps are not enabled by default on client versions of Windows
#

---------------  S U M M A R Y ------------

Command Line: org.jetbrains.kotlin.cli.jvm.K2JVMCompiler @C:\Flutters\src\flutter\packages\flutter_tools\gradle\build\20260410_1745501451089866471.compiler.options

Host: Intel(R) Core(TM) i5-6300U CPU @ 2.40GHz, 4 cores, 7G,  Windows 11 , 64 bit Build 26100 (10.0.26100.8115)
Time: Fri Apr 10 12:38:09 2026 Pakistan Standard Time elapsed time: 4.610759 seconds (0d 0h 0m 4s)

---------------  T H R E A D  ---------------

Current thread (0x00000164a2daa1c0):  VMThread "VM Thread"          [id=5444, stack(0x000000336ca00000,0x000000336cb00000) (1024K)]

Stack: [0x000000336ca00000,0x000000336cb00000]
Native frames: (J=compiled Java code, j=interpreted, Vv=VM code, C=native code)
V  [jvm.dll+0x6d0639]
V  [jvm.dll+0x85eb03]
V  [jvm.dll+0x86105e]
V  [jvm.dll+0x861743]
V  [jvm.dll+0x27e6e6]
V  [jvm.dll+0x6ccfd5]
V  [jvm.dll+0x6c0a8a]
V  [jvm.dll+0x35537b]
V  [jvm.dll+0x35cfd6]
V  [jvm.dll+0x3aef9b]
V  [jvm.dll+0x3af258]
V  [jvm.dll+0x327a2c]
V  [jvm.dll+0x327ab7]
V  [jvm.dll+0x36d93c]
V  [jvm.dll+0x36c0ee]
V  [jvm.dll+0x327181]
V  [jvm.dll+0x36b7f0]
V  [jvm.dll+0x8674c8]
V  [jvm.dll+0x868844]
V  [jvm.dll+0x868d80]
V  [jvm.dll+0x869013]
V  [jvm.dll+0x806ed8]
V  [jvm.dll+0x6cef0d]
C  [ucrtbase.dll+0x37b0]
C  [KERNEL32.DLL+0x2e8d7]
C  [ntdll.dll+0x8c3fc]

VM_Operation (0x000000336c3fbbc0): G1CollectForAllocation, mode: safepoint, requested by thread 0x0000016489c34700


---------------  P R O C E S S  ---------------

Threads class SMR info:
_java_thread_list=0x00000164a8a7d310, length=12, elements={
0x0000016489c34700, 0x00000164a7064730, 0x00000164a7065180, 0x00000164a7067ea0,
0x00000164a70688f0, 0x00000164a706a610, 0x00000164a706b060, 0x00000164a708ad90,
0x00000164a7095120, 0x00000164a722eb00, 0x00000164a7237330, 0x00000164a70957f0
}

Java Threads: ( => current thread )
  0x0000016489c34700 JavaThread "main"                              [_thread_blocked, id=15912, stack(0x000000336c300000,0x000000336c400000) (1024K)]
  0x00000164a7064730 JavaThread "Reference Handler"          daemon [_thread_blocked, id=18328, stack(0x000000336cb00000,0x000000336cc00000) (1024K)]
  0x00000164a7065180 JavaThread "Finalizer"                  daemon [_thread_blocked, id=17048, stack(0x000000336cc00000,0x000000336cd00000) (1024K)]
  0x00000164a7067ea0 JavaThread "Signal Dispatcher"          daemon [_thread_blocked, id=18408, stack(0x000000336cd00000,0x000000336ce00000) (1024K)]
  0x00000164a70688f0 JavaThread "Attach Listener"            daemon [_thread_blocked, id=18012, stack(0x000000336ce00000,0x000000336cf00000) (1024K)]
  0x00000164a706a610 JavaThread "Service Thread"             daemon [_thread_blocked, id=17864, stack(0x000000336cf00000,0x000000336d000000) (1024K)]
  0x00000164a706b060 JavaThread "Monitor Deflation Thread"   daemon [_thread_blocked, id=16576, stack(0x000000336d000000,0x000000336d100000) (1024K)]
  0x00000164a708ad90 JavaThread "C2 CompilerThread0"         daemon [_thread_blocked, id=8676, stack(0x000000336d100000,0x000000336d200000) (1024K)]
  0x00000164a7095120 JavaThread "C1 CompilerThread0"         daemon [_thread_blocked, id=17420, stack(0x000000336d200000,0x000000336d300000) (1024K)]
  0x00000164a722eb00 JavaThread "Notification Thread"        daemon [_thread_blocked, id=15712, stack(0x000000336d300000,0x000000336d400000) (1024K)]
  0x00000164a7237330 JavaThread "Common-Cleaner"             daemon [_thread_blocked, id=12708, stack(0x000000336d400000,0x000000336d500000) (1024K)]
  0x00000164a70957f0 JavaThread "C2 CompilerThread1"         daemon [_thread_blocked, id=17760, stack(0x000000336d500000,0x000000336d600000) (1024K)]
Total: 12

Other Threads:
=>0x00000164a2daa1c0 VMThread "VM Thread"                           [id=5444, stack(0x000000336ca00000,0x000000336cb00000) (1024K)]
  0x00000164a2d473f0 WatcherThread "VM Periodic Task Thread"        [id=1864, stack(0x000000336c900000,0x000000336ca00000) (1024K)]
  0x000001648c013490 WorkerThread "GC Thread#0"                     [id=6540, stack(0x000000336c400000,0x000000336c500000) (1024K)]
  0x00000164a7791d80 WorkerThread "GC Thread#1"                     [id=13464, stack(0x000000336d600000,0x000000336d700000) (1024K)]
  0x00000164a7792120 WorkerThread "GC Thread#2"                     [id=15412, stack(0x000000336d700000,0x000000336d800000) (1024K)]
  0x00000164a77fb310 WorkerThread "GC Thread#3"                     [id=14440, stack(0x000000336d800000,0x000000336d900000) (1024K)]
  0x000001648c024f30 ConcurrentGCThread "G1 Main Marker"            [id=9932, stack(0x000000336c500000,0x000000336c600000) (1024K)]
  0x000001648c0261d0 WorkerThread "G1 Conc#0"                       [id=17404, stack(0x000000336c600000,0x000000336c700000) (1024K)]
  0x000001648c07e4e0 ConcurrentGCThread "G1 Refine#0"               [id=14588, stack(0x000000336c700000,0x000000336c800000) (1024K)]
  0x00000164a2c07660 ConcurrentGCThread "G1 Service"                [id=17840, stack(0x000000336c800000,0x000000336c900000) (1024K)]
Total: 10

Threads with active compile tasks:
C2 CompilerThread0  4652 2573   !   4       jdk.internal.loader.BuiltinClassLoader::loadClassOrNull (143 bytes)
Total: 1

VM state: at safepoint (normal execution)

VM Mutex/Monitor currently owned by a thread:  ([mutex/lock_event])
[0x00007ffae688e3a0] Threads_lock - owner thread: 0x00000164a2daa1c0
[0x00007ffae688e4a0] Heap_lock - owner thread: 0x0000016489c34700

Heap address: 0x0000000081c00000, size: 2020 MB, Compressed Oops mode: 32-bit

CDS archive(s) not mapped
Compressed class space mapped at: 0x0000000100000000-0x0000000140000000, reserved size: 1073741824
Narrow klass base: 0x0000000000000000, Narrow klass shift: 3, Narrow klass range: 0x140000000

GC Precious Log:
 CardTable entry size: 512
 Card Set container configuration: InlinePtr #cards 5 size 8 Array Of Cards #cards 12 size 40 Howl #buckets 4 coarsen threshold 1843 Howl Bitmap #cards 512 size 80 coarsen threshold 460 Card regions per heap region 1 cards per card region 2048
 CPUs: 4 total, 4 available
 Memory: 8077M
 Large Page Support: Disabled
 NUMA Support: Disabled
 Compressed Oops: Enabled (32-bit)
 Heap Region Size: 1M
 Heap Min Capacity: 8M
 Heap Initial Capacity: 128M
 Heap Max Capacity: 2020M
 Pre-touch: Disabled
 Parallel Workers: 4
 Concurrent Workers: 1
 Concurrent Refinement Workers: 4
 Periodic GC: Disabled

Heap:
 garbage-first heap   total 64512K, used 45479K [0x0000000081c00000, 0x0000000100000000)
  region size 1024K, 2 young (2048K), 2 survivors (2048K)
 Metaspace       used 40046K, committed 40384K, reserved 1114112K
  class space    used 4697K, committed 4864K, reserved 1048576K

Heap Regions: E=young(eden), S=young(survivor), O=old, HS=humongous(starts), HC=humongous(continues), CS=collection set, F=free, TAMS=top-at-mark-start, PB=parsable bottom
|   0|0x0000000081c00000, 0x0000000081d00000, 0x0000000081d00000|100%|HS|  |TAMS 0x0000000081c00000| PB 0x0000000081c00000| Complete 
|   1|0x0000000081d00000, 0x0000000081e00000, 0x0000000081e00000|100%|HC|  |TAMS 0x0000000081d00000| PB 0x0000000081d00000| Complete 
|   2|0x0000000081e00000, 0x0000000081f00000, 0x0000000081f00000|100%|HC|  |TAMS 0x0000000081e00000| PB 0x0000000081e00000| Complete 
|   3|0x0000000081f00000, 0x0000000082000000, 0x0000000082000000|100%| O|  |TAMS 0x0000000081f00000| PB 0x0000000081f00000| Untracked 
|   4|0x0000000082000000, 0x0000000082100000, 0x0000000082100000|100%| O|  |TAMS 0x0000000082000000| PB 0x0000000082000000| Untracked 
|   5|0x0000000082100000, 0x0000000082200000, 0x0000000082200000|100%|HS|  |TAMS 0x0000000082100000| PB 0x0000000082100000| Complete 
|   6|0x0000000082200000, 0x0000000082300000, 0x0000000082300000|100%| O|  |TAMS 0x0000000082200000| PB 0x0000000082200000| Untracked 
|   7|0x0000000082300000, 0x0000000082400000, 0x0000000082400000|100%| O|  |TAMS 0x0000000082300000| PB 0x0000000082300000| Untracked 
|   8|0x0000000082400000, 0x0000000082500000, 0x0000000082500000|100%| O|  |TAMS 0x0000000082400000| PB 0x0000000082400000| Untracked 
|   9|0x0000000082500000, 0x0000000082600000, 0x0000000082600000|100%| O|  |TAMS 0x0000000082500000| PB 0x0000000082500000| Untracked 
|  10|0x0000000082600000, 0x0000000082700000, 0x0000000082700000|100%| O|  |TAMS 0x0000000082600000| PB 0x0000000082600000| Untracked 
|  11|0x0000000082700000, 0x0000000082800000, 0x0000000082800000|100%| O|  |TAMS 0x0000000082700000| PB 0x0000000082700000| Untracked 
|  12|0x0000000082800000, 0x0000000082900000, 0x0000000082900000|100%| O|  |TAMS 0x0000000082800000| PB 0x0000000082800000| Untracked 
|  13|0x0000000082900000, 0x0000000082a00000, 0x0000000082a00000|100%| O|  |TAMS 0x0000000082900000| PB 0x0000000082900000| Untracked 
|  14|0x0000000082a00000, 0x0000000082b00000, 0x0000000082b00000|100%| O|  |TAMS 0x0000000082a00000| PB 0x0000000082a00000| Untracked 
|  15|0x0000000082b00000, 0x0000000082c00000, 0x0000000082c00000|100%| O|  |TAMS 0x0000000082b00000| PB 0x0000000082b00000| Untracked 
|  16|0x0000000082c00000, 0x0000000082d00000, 0x0000000082d00000|100%| O|  |TAMS 0x0000000082c00000| PB 0x0000000082c00000| Untracked 
|  17|0x0000000082d00000, 0x0000000082e00000, 0x0000000082e00000|100%| O|  |TAMS 0x0000000082d00000| PB 0x0000000082d00000| Untracked 
|  18|0x0000000082e00000, 0x0000000082f00000, 0x0000000082f00000|100%| O|  |TAMS 0x0000000082e00000| PB 0x0000000082e00000| Untracked 
|  19|0x0000000082f00000, 0x0000000083000000, 0x0000000083000000|100%| O|  |TAMS 0x0000000082f00000| PB 0x0000000082f00000| Untracked 
|  20|0x0000000083000000, 0x0000000083100000, 0x0000000083100000|100%| O|  |TAMS 0x0000000083000000| PB 0x0000000083000000| Untracked 
|  21|0x0000000083100000, 0x0000000083200000, 0x0000000083200000|100%| O|  |TAMS 0x0000000083100000| PB 0x0000000083100000| Untracked 
|  22|0x0000000083200000, 0x0000000083300000, 0x0000000083300000|100%| O|  |TAMS 0x0000000083200000| PB 0x0000000083200000| Untracked 
|  23|0x0000000083300000, 0x0000000083400000, 0x0000000083400000|100%| O|  |TAMS 0x0000000083300000| PB 0x0000000083300000| Untracked 
|  24|0x0000000083400000, 0x0000000083500000, 0x0000000083500000|100%|HS|  |TAMS 0x0000000083400000| PB 0x0000000083400000| Complete 
|  25|0x0000000083500000, 0x0000000083600000, 0x0000000083600000|100%|HC|  |TAMS 0x0000000083500000| PB 0x0000000083500000| Complete 
|  26|0x0000000083600000, 0x0000000083700000, 0x0000000083700000|100%|HC|  |TAMS 0x0000000083600000| PB 0x0000000083600000| Complete 
|  27|0x0000000083700000, 0x0000000083800000, 0x0000000083800000|100%|HC|  |TAMS 0x0000000083700000| PB 0x0000000083700000| Complete 
|  28|0x0000000083800000, 0x0000000083900000, 0x0000000083900000|100%|HC|  |TAMS 0x0000000083800000| PB 0x0000000083800000| Complete 
|  29|0x0000000083900000, 0x0000000083a00000, 0x0000000083a00000|100%|HC|  |TAMS 0x0000000083900000| PB 0x0000000083900000| Complete 
|  30|0x0000000083a00000, 0x0000000083b00000, 0x0000000083b00000|100%|HS|  |TAMS 0x0000000083a00000| PB 0x0000000083a00000| Complete 
|  31|0x0000000083b00000, 0x0000000083c00000, 0x0000000083c00000|100%|HS|  |TAMS 0x0000000083b00000| PB 0x0000000083b00000| Complete 
|  32|0x0000000083c00000, 0x0000000083d00000, 0x0000000083d00000|100%|HC|  |TAMS 0x0000000083c00000| PB 0x0000000083c00000| Complete 
|  33|0x0000000083d00000, 0x0000000083e00000, 0x0000000083e00000|100%|HS|  |TAMS 0x0000000083d00000| PB 0x0000000083d00000| Complete 
|  34|0x0000000083e00000, 0x0000000083f00000, 0x0000000083f00000|100%| O|  |TAMS 0x0000000083e00000| PB 0x0000000083e00000| Untracked 
|  35|0x0000000083f00000, 0x0000000084000000, 0x0000000084000000|100%| O|  |TAMS 0x0000000083f00000| PB 0x0000000083f00000| Untracked 
|  36|0x0000000084000000, 0x0000000084100000, 0x0000000084100000|100%| O|  |TAMS 0x0000000084000000| PB 0x0000000084000000| Untracked 
|  37|0x0000000084100000, 0x0000000084100000, 0x0000000084200000|  0%| F|  |TAMS 0x0000000084100000| PB 0x0000000084100000| Untracked 
|  38|0x0000000084200000, 0x0000000084200000, 0x0000000084300000|  0%| F|  |TAMS 0x0000000084200000| PB 0x0000000084200000| Untracked 
|  39|0x0000000084300000, 0x0000000084300000, 0x0000000084400000|  0%| F|  |TAMS 0x0000000084300000| PB 0x0000000084300000| Untracked 
|  40|0x0000000084400000, 0x00000000844df5e8, 0x0000000084500000| 87%| O|  |TAMS 0x0000000084400000| PB 0x0000000084400000| Untracked 
|  41|0x0000000084500000, 0x0000000084500000, 0x0000000084600000|  0%| F|  |TAMS 0x0000000084500000| PB 0x0000000084500000| Untracked 
|  42|0x0000000084600000, 0x0000000084600000, 0x0000000084700000|  0%| F|  |TAMS 0x0000000084600000| PB 0x0000000084600000| Untracked 
|  43|0x0000000084700000, 0x0000000084700000, 0x0000000084800000|  0%| F|  |TAMS 0x0000000084700000| PB 0x0000000084700000| Untracked 
|  44|0x0000000084800000, 0x000000008488a940, 0x0000000084900000| 54%| S|CS|TAMS 0x0000000084800000| PB 0x0000000084800000| Complete 
|  45|0x0000000084900000, 0x0000000084a00000, 0x0000000084a00000|100%| S|CS|TAMS 0x0000000084900000| PB 0x0000000084900000| Complete 
|  46|0x0000000084a00000, 0x0000000084a00000, 0x0000000084b00000|  0%| F|  |TAMS 0x0000000084a00000| PB 0x0000000084a00000| Untracked 
|  47|0x0000000084b00000, 0x0000000084b00000, 0x0000000084c00000|  0%| F|  |TAMS 0x0000000084b00000| PB 0x0000000084b00000| Untracked 
|  48|0x0000000084c00000, 0x0000000084c00000, 0x0000000084d00000|  0%| F|  |TAMS 0x0000000084c00000| PB 0x0000000084c00000| Untracked 
|  49|0x0000000084d00000, 0x0000000084d00000, 0x0000000084e00000|  0%| F|  |TAMS 0x0000000084d00000| PB 0x0000000084d00000| Untracked 
|  50|0x0000000084e00000, 0x0000000084e00000, 0x0000000084f00000|  0%| F|  |TAMS 0x0000000084e00000| PB 0x0000000084e00000| Untracked 
|  51|0x0000000084f00000, 0x0000000084f00000, 0x0000000085000000|  0%| F|  |TAMS 0x0000000084f00000| PB 0x0000000084f00000| Untracked 
|  52|0x0000000085000000, 0x0000000085000000, 0x0000000085100000|  0%| F|  |TAMS 0x0000000085000000| PB 0x0000000085000000| Untracked 
| 112|0x0000000088c00000, 0x0000000088c00000, 0x0000000088d00000|  0%| F|  |TAMS 0x0000000088c00000| PB 0x0000000088c00000| Untracked 
| 113|0x0000000088d00000, 0x0000000088d00000, 0x0000000088e00000|  0%| F|  |TAMS 0x0000000088d00000| PB 0x0000000088d00000| Untracked 
| 114|0x0000000088e00000, 0x0000000088e00000, 0x0000000088f00000|  0%| F|  |TAMS 0x0000000088e00000| PB 0x0000000088e00000| Untracked 
| 127|0x0000000089b00000, 0x0000000089b00000, 0x0000000089c00000|  0%| F|  |TAMS 0x0000000089b00000| PB 0x0000000089b00000| Untracked 
|2014|0x00000000ffa00000, 0x00000000ffb00000, 0x00000000ffb00000|100%| O|  |TAMS 0x00000000ffa00000| PB 0x00000000ffa00000| Untracked 
|2015|0x00000000ffb00000, 0x00000000ffc00000, 0x00000000ffc00000|100%| O|  |TAMS 0x00000000ffb00000| PB 0x00000000ffb00000| Untracked 
|2016|0x00000000ffc00000, 0x00000000ffc00000, 0x00000000ffd00000|  0%| F|  |TAMS 0x00000000ffc00000| PB 0x00000000ffc00000| Untracked 
|2017|0x00000000ffd00000, 0x00000000ffe00000, 0x00000000ffe00000|100%| O|  |TAMS 0x00000000ffd00000| PB 0x00000000ffd00000| Untracked 
|2018|0x00000000ffe00000, 0x00000000fff00000, 0x00000000fff00000|100%| O|  |TAMS 0x00000000ffe00000| PB 0x00000000ffe00000| Untracked 
|2019|0x00000000fff00000, 0x0000000100000000, 0x0000000100000000|100%| O|  |TAMS 0x00000000fff00000| PB 0x00000000fff00000| Untracked 

Card table byte_map: [0x000001649e510000,0x000001649e910000] _byte_map_base: 0x000001649e102000

Marking Bits: (CMBitMap*) 0x000001648c013b90
 Bits: [0x000001649e910000, 0x00000164a08a0000)

Polling page: 0x0000016489d90000

Metaspace:

Usage:
  Non-class:     34.52 MB used.
      Class:      4.59 MB used.
       Both:     39.11 MB used.

Virtual space:
  Non-class space:       64.00 MB reserved,      34.69 MB ( 54%) committed,  1 nodes.
      Class space:        1.00 GB reserved,       4.75 MB ( <1%) committed,  1 nodes.
             Both:        1.06 GB reserved,      39.44 MB (  4%) committed. 

Chunk freelists:
   Non-Class:  13.22 MB
       Class:  11.28 MB
        Both:  24.50 MB

MaxMetaspaceSize: unlimited
CompressedClassSpaceSize: 1.00 GB
Initial GC threshold: 21.00 MB
Current GC threshold: 57.81 MB
CDS: off
 - commit_granule_bytes: 65536.
 - commit_granule_words: 8192.
 - virtual_space_node_default_size: 8388608.
 - enlarge_chunks_in_place: 1.
 - use_allocation_guard: 0.


Internal statistics:

num_allocs_failed_limit: 3.
num_arena_births: 220.
num_arena_deaths: 0.
num_vsnodes_births: 2.
num_vsnodes_deaths: 0.
num_space_committed: 629.
num_space_uncommitted: 0.
num_chunks_returned_to_freelist: 3.
num_chunks_taken_from_freelist: 1349.
num_chunk_merges: 3.
num_chunk_splits: 1070.
num_chunks_enlarged: 947.
num_inconsistent_stats: 0.

CodeHeap 'non-profiled nmethods': size=120000Kb used=1257Kb max_used=1257Kb free=118742Kb
 bounds [0x0000016496be0000, 0x0000016496e50000, 0x000001649e110000]
CodeHeap 'profiled nmethods': size=120000Kb used=4492Kb max_used=4492Kb free=115507Kb
 bounds [0x000001648f110000, 0x000001648f580000, 0x0000016496640000]
CodeHeap 'non-nmethods': size=5760Kb used=1471Kb max_used=1495Kb free=4288Kb
 bounds [0x0000016496640000, 0x00000164968b0000, 0x0000016496be0000]
 total_blobs=3039 nmethods=2473 adapters=470
 compilation: enabled
              stopped_count=0, restarted_count=0
 full_count=0

Compilation events (20 events):
Event: 4.534 Thread 0x00000164a7095120 2601       3       sun.reflect.generics.parser.SignatureParser::parseTypeArgument (135 bytes)
Event: 4.535 Thread 0x00000164a7095120 nmethod 2601 0x000001648f566990 code [0x000001648f566ce0, 0x000001648f568398]
Event: 4.544 Thread 0x00000164a7095120 2602       3       java.util.HashMap::afterNodeAccess (1 bytes)
Event: 4.544 Thread 0x00000164a7095120 nmethod 2602 0x000001648f136890 code [0x000001648f136a20, 0x000001648f136b28]
Event: 4.551 Thread 0x00000164a7095120 2603       3       sun.reflect.generics.repository.AbstractRepository::getReifier (8 bytes)
Event: 4.551 Thread 0x00000164a7095120 nmethod 2603 0x000001648f568910 code [0x000001648f568ac0, 0x000001648f568da8]
Event: 4.563 Thread 0x00000164a7095120 2604       3       java.lang.reflect.Constructor::<init> (50 bytes)
Event: 4.563 Thread 0x00000164a7095120 nmethod 2604 0x000001648f568f10 code [0x000001648f5690e0, 0x000001648f569550]
Event: 4.565 Thread 0x00000164a7095120 2605       3       org.jetbrains.kotlin.container.CacheKt::getSetterInfos (135 bytes)
Event: 4.571 Thread 0x00000164a7095120 nmethod 2605 0x000001648f569690 code [0x000001648f56a080, 0x000001648f56f6d8]
Event: 4.582 Thread 0x00000164a7095120 2606       3       java.lang.reflect.Constructor::copy (72 bytes)
Event: 4.582 Thread 0x00000164a7095120 nmethod 2606 0x000001648f571590 code [0x000001648f571760, 0x000001648f571af8]
Event: 4.583 Thread 0x00000164a7095120 2607       1       sun.reflect.generics.tree.ClassSignature::getSuperInterfaces (5 bytes)
Event: 4.583 Thread 0x00000164a7095120 nmethod 2607 0x0000016496d1a190 code [0x0000016496d1a320, 0x0000016496d1a3e8]
Event: 4.585 Thread 0x00000164a7095120 2608       3       java.util.ArrayList::<init> (65 bytes)
Event: 4.585 Thread 0x00000164a7095120 nmethod 2608 0x000001648f571c10 code [0x000001648f571e20, 0x000001648f572440]
Event: 4.587 Thread 0x00000164a70957f0 2609       4       java.lang.System::getSecurityManager (12 bytes)
Event: 4.587 Thread 0x00000164a70957f0 nmethod 2609 0x0000016496d1a490 code [0x0000016496d1a600, 0x0000016496d1a668]
Event: 4.594 Thread 0x00000164a7095120 2610       3       org.jetbrains.kotlin.container.ComponentStorage::collectAdhocComponents (190 bytes)
Event: 4.595 Thread 0x00000164a7095120 nmethod 2610 0x000001648f572610 code [0x000001648f572920, 0x000001648f573d20]

GC Heap History (20 events):
Event: 0.790 GC heap after
{Heap after GC invocations=1 (full 0):
 garbage-first heap   total 131072K, used 5471K [0x0000000081c00000, 0x0000000100000000)
  region size 1024K, 2 young (2048K), 2 survivors (2048K)
 Metaspace       used 11151K, committed 11264K, reserved 1114112K
  class space    used 934K, committed 960K, reserved 1048576K
}
Event: 1.236 GC heap before
{Heap before GC invocations=1 (full 0):
 garbage-first heap   total 131072K, used 24927K [0x0000000081c00000, 0x0000000100000000)
  region size 1024K, 22 young (22528K), 2 survivors (2048K)
 Metaspace       used 16915K, committed 17152K, reserved 1114112K
  class space    used 1653K, committed 1792K, reserved 1048576K
}
Event: 1.241 GC heap after
{Heap after GC invocations=2 (full 0):
 garbage-first heap   total 131072K, used 6951K [0x0000000081c00000, 0x0000000100000000)
  region size 1024K, 2 young (2048K), 2 survivors (2048K)
 Metaspace       used 16915K, committed 17152K, reserved 1114112K
  class space    used 1653K, committed 1792K, reserved 1048576K
}
Event: 1.532 GC heap before
{Heap before GC invocations=2 (full 0):
 garbage-first heap   total 131072K, used 19239K [0x0000000081c00000, 0x0000000100000000)
  region size 1024K, 15 young (15360K), 2 survivors (2048K)
 Metaspace       used 21332K, committed 21504K, reserved 1114112K
  class space    used 2179K, committed 2240K, reserved 1048576K
}
Event: 1.536 GC heap after
{Heap after GC invocations=3 (full 0):
 garbage-first heap   total 131072K, used 7605K [0x0000000081c00000, 0x0000000100000000)
  region size 1024K, 3 young (3072K), 3 survivors (3072K)
 Metaspace       used 21332K, committed 21504K, reserved 1114112K
  class space    used 2179K, committed 2240K, reserved 1048576K
}
Event: 2.186 GC heap before
{Heap before GC invocations=4 (full 0):
 garbage-first heap   total 37888K, used 36277K [0x0000000081c00000, 0x0000000100000000)
  region size 1024K, 24 young (24576K), 3 survivors (3072K)
 Metaspace       used 28797K, committed 29056K, reserved 1114112K
  class space    used 3395K, committed 3520K, reserved 1048576K
}
Event: 2.195 GC heap after
{Heap after GC invocations=5 (full 0):
 garbage-first heap   total 41984K, used 15988K [0x0000000081c00000, 0x0000000100000000)
  region size 1024K, 4 young (4096K), 4 survivors (4096K)
 Metaspace       used 28797K, committed 29056K, reserved 1114112K
  class space    used 3395K, committed 3520K, reserved 1048576K
}
Event: 2.377 GC heap before
{Heap before GC invocations=5 (full 0):
 garbage-first heap   total 41984K, used 33396K [0x0000000081c00000, 0x0000000100000000)
  region size 1024K, 21 young (21504K), 4 survivors (4096K)
 Metaspace       used 29032K, committed 29312K, reserved 1114112K
  class space    used 3399K, committed 3520K, reserved 1048576K
}
Event: 2.392 GC heap after
{Heap after GC invocations=6 (full 0):
 garbage-first heap   total 43008K, used 20105K [0x0000000081c00000, 0x0000000100000000)
  region size 1024K, 3 young (3072K), 3 survivors (3072K)
 Metaspace       used 29032K, committed 29312K, reserved 1114112K
  class space    used 3399K, committed 3520K, reserved 1048576K
}
Event: 2.712 GC heap before
{Heap before GC invocations=6 (full 0):
 garbage-first heap   total 43008K, used 35465K [0x0000000081c00000, 0x0000000100000000)
  region size 1024K, 18 young (18432K), 3 survivors (3072K)
 Metaspace       used 29154K, committed 29440K, reserved 1114112K
  class space    used 3404K, committed 3520K, reserved 1048576K
}
Event: 2.750 GC heap after
{Heap after GC invocations=7 (full 0):
 garbage-first heap   total 59392K, used 28672K [0x0000000081c00000, 0x0000000100000000)
  region size 1024K, 3 young (3072K), 3 survivors (3072K)
 Metaspace       used 29154K, committed 29440K, reserved 1114112K
  class space    used 3404K, committed 3520K, reserved 1048576K
}
Event: 2.881 GC heap before
{Heap before GC invocations=7 (full 0):
 garbage-first heap   total 59392K, used 41984K [0x0000000081c00000, 0x0000000100000000)
  region size 1024K, 17 young (17408K), 3 survivors (3072K)
 Metaspace       used 29171K, committed 29440K, reserved 1114112K
  class space    used 3404K, committed 3520K, reserved 1048576K
}
Event: 2.901 GC heap after
{Heap after GC invocations=8 (full 0):
 garbage-first heap   total 59392K, used 26624K [0x0000000081c00000, 0x0000000100000000)
  region size 1024K, 3 young (3072K), 3 survivors (3072K)
 Metaspace       used 29171K, committed 29440K, reserved 1114112K
  class space    used 3404K, committed 3520K, reserved 1048576K
}
Event: 3.208 GC heap before
{Heap before GC invocations=8 (full 0):
 garbage-first heap   total 59392K, used 48128K [0x0000000081c00000, 0x0000000100000000)
  region size 1024K, 21 young (21504K), 3 survivors (3072K)
 Metaspace       used 30094K, committed 30464K, reserved 1114112K
  class space    used 3495K, committed 3648K, reserved 1048576K
}
Event: 3.219 GC heap after
{Heap after GC invocations=9 (full 0):
 garbage-first heap   total 59392K, used 28672K [0x0000000081c00000, 0x0000000100000000)
  region size 1024K, 3 young (3072K), 3 survivors (3072K)
 Metaspace       used 30094K, committed 30464K, reserved 1114112K
  class space    used 3495K, committed 3648K, reserved 1048576K
}
Event: 3.719 GC heap before
{Heap before GC invocations=9 (full 0):
 garbage-first heap   total 59392K, used 45056K [0x0000000081c00000, 0x0000000100000000)
  region size 1024K, 20 young (20480K), 3 survivors (3072K)
 Metaspace       used 35056K, committed 35392K, reserved 1114112K
  class space    used 4234K, committed 4416K, reserved 1048576K
}
Event: 3.730 GC heap after
{Heap after GC invocations=10 (full 0):
 garbage-first heap   total 59392K, used 30604K [0x0000000081c00000, 0x0000000100000000)
  region size 1024K, 2 young (2048K), 2 survivors (2048K)
 Metaspace       used 35056K, committed 35392K, reserved 1114112K
  class space    used 4234K, committed 4416K, reserved 1048576K
}
Event: 4.322 GC heap before
{Heap before GC invocations=11 (full 0):
 garbage-first heap   total 63488K, used 57228K [0x0000000081c00000, 0x0000000100000000)
  region size 1024K, 19 young (19456K), 2 survivors (2048K)
 Metaspace       used 37720K, committed 38080K, reserved 1114112K
  class space    used 4525K, committed 4672K, reserved 1048576K
}
Event: 4.331 GC heap after
{Heap after GC invocations=12 (full 0):
 garbage-first heap   total 64512K, used 44654K [0x0000000081c00000, 0x0000000100000000)
  region size 1024K, 3 young (3072K), 3 survivors (3072K)
 Metaspace       used 37720K, committed 38080K, reserved 1114112K
  class space    used 4525K, committed 4672K, reserved 1048576K
}
Event: 4.596 GC heap before
{Heap before GC invocations=12 (full 0):
 garbage-first heap   total 64512K, used 54894K [0x0000000081c00000, 0x0000000100000000)
  region size 1024K, 14 young (14336K), 3 survivors (3072K)
 Metaspace       used 40046K, committed 40384K, reserved 1114112K
  class space    used 4697K, committed 4864K, reserved 1048576K
}

Dll operation events (3 events):
Event: 0.019 Loaded shared library C:\Program Files\Android\Android Studio\jbr\bin\java.dll
Event: 0.027 Loaded shared library C:\Program Files\Android\Android Studio\jbr\bin\zip.dll
Event: 2.051 Loaded shared library C:\Program Files\Android\Android Studio\jbr\bin\verify.dll

Deoptimization events (20 events):
Event: 4.180 Thread 0x0000016489c34700 DEOPT PACKING pc=0x0000016496c1d9c0 sp=0x000000336c3fb200
Event: 4.180 Thread 0x0000016489c34700 DEOPT UNPACKING pc=0x00000164966946a2 sp=0x000000336c3fb178 mode 2
Event: 4.270 Thread 0x0000016489c34700 Uncommon trap: trap_request=0xfffffff4 fr.pc=0x0000016496d0a8d0 relative=0x00000000000001b0
Event: 4.270 Thread 0x0000016489c34700 Uncommon trap: reason=null_check action=make_not_entrant pc=0x0000016496d0a8d0 method=java.lang.reflect.Array.newInstance(Ljava/lang/Class;I)Ljava/lang/Object; @ 2 c2
Event: 4.270 Thread 0x0000016489c34700 DEOPT PACKING pc=0x0000016496d0a8d0 sp=0x000000336c3fdbc0
Event: 4.271 Thread 0x0000016489c34700 DEOPT UNPACKING pc=0x00000164966946a2 sp=0x000000336c3fdb58 mode 2
Event: 4.364 Thread 0x0000016489c34700 Uncommon trap: trap_request=0xffffff45 fr.pc=0x0000016496d08124 relative=0x0000000000001704
Event: 4.364 Thread 0x0000016489c34700 Uncommon trap: reason=unstable_if action=reinterpret pc=0x0000016496d08124 method=java.util.HashMap.putVal(ILjava/lang/Object;Ljava/lang/Object;ZZ)Ljava/lang/Object; @ 193 c2
Event: 4.364 Thread 0x0000016489c34700 DEOPT PACKING pc=0x0000016496d08124 sp=0x000000336c3fd7b0
Event: 4.365 Thread 0x0000016489c34700 DEOPT UNPACKING pc=0x00000164966946a2 sp=0x000000336c3fd658 mode 2
Event: 4.429 Thread 0x0000016489c34700 Uncommon trap: trap_request=0xffffff45 fr.pc=0x0000016496d045c8 relative=0x0000000000000908
Event: 4.429 Thread 0x0000016489c34700 Uncommon trap: reason=unstable_if action=reinterpret pc=0x0000016496d045c8 method=java.util.HashMap.putVal(ILjava/lang/Object;Ljava/lang/Object;ZZ)Ljava/lang/Object; @ 193 c2
Event: 4.429 Thread 0x0000016489c34700 DEOPT PACKING pc=0x0000016496d045c8 sp=0x000000336c3fdec0
Event: 4.429 Thread 0x0000016489c34700 DEOPT UNPACKING pc=0x00000164966946a2 sp=0x000000336c3fdde8 mode 2
Event: 4.429 Thread 0x0000016489c34700 Uncommon trap: trap_request=0xffffff45 fr.pc=0x0000016496c23e10 relative=0x00000000000008d0
Event: 4.429 Thread 0x0000016489c34700 Uncommon trap: reason=unstable_if action=reinterpret pc=0x0000016496c23e10 method=java.util.HashMap.putVal(ILjava/lang/Object;Ljava/lang/Object;ZZ)Ljava/lang/Object; @ 193 c2
Event: 4.429 Thread 0x0000016489c34700 DEOPT PACKING pc=0x0000016496c23e10 sp=0x000000336c3fde20
Event: 4.429 Thread 0x0000016489c34700 DEOPT UNPACKING pc=0x00000164966946a2 sp=0x000000336c3fdde0 mode 2
Event: 4.509 Thread 0x0000016489c34700 DEOPT PACKING pc=0x000001648f544b2c sp=0x000000336c3fd650
Event: 4.509 Thread 0x0000016489c34700 DEOPT UNPACKING pc=0x0000016496694e42 sp=0x000000336c3fcb60 mode 0

Classes loaded (20 events):
Event: 4.312 Loading class sun/reflect/generics/scope/ConstructorScope
Event: 4.312 Loading class sun/reflect/generics/scope/ConstructorScope done
Event: 4.312 Loading class sun/reflect/generics/repository/ConstructorRepository
Event: 4.312 Loading class sun/reflect/generics/repository/ConstructorRepository done
Event: 4.312 Loading class sun/reflect/generics/tree/BottomSignature
Event: 4.312 Loading class sun/reflect/generics/tree/BottomSignature done
Event: 4.312 Loading class sun/reflect/generics/tree/Wildcard
Event: 4.312 Loading class sun/reflect/generics/tree/Wildcard done
Event: 4.312 Loading class sun/reflect/generics/tree/VoidDescriptor
Event: 4.312 Loading class sun/reflect/generics/tree/VoidDescriptor done
Event: 4.312 Loading class sun/reflect/generics/tree/MethodTypeSignature
Event: 4.313 Loading class sun/reflect/generics/tree/MethodTypeSignature done
Event: 4.313 Loading class sun/reflect/generics/reflectiveObjects/WildcardTypeImpl
Event: 4.313 Loading class java/lang/reflect/WildcardType
Event: 4.313 Loading class java/lang/reflect/WildcardType done
Event: 4.313 Loading class sun/reflect/generics/reflectiveObjects/WildcardTypeImpl done
Event: 4.508 Loading class sun/reflect/generics/scope/MethodScope
Event: 4.508 Loading class sun/reflect/generics/scope/MethodScope done
Event: 4.508 Loading class sun/reflect/generics/repository/MethodRepository
Event: 4.509 Loading class sun/reflect/generics/repository/MethodRepository done

Classes unloaded (0 events):
No events

Classes redefined (0 events):
No events

Internal exceptions (20 events):
Event: 1.414 Thread 0x0000016489c34700 Exception <a 'java/lang/NoSuchMethodError'{0x000000008948bf48}: 'int java.lang.invoke.DirectMethodHandle$Holder.invokeStaticInit(java.lang.Object, java.lang.Object)'> (0x000000008948bf48) 
thrown [s\src\hotspot\share\interpreter\linkResolver.cpp, line 784]
Event: 1.429 Thread 0x0000016489c34700 Exception <a 'java/lang/NoSuchMethodError'{0x0000000089347620}: 'int java.lang.invoke.DirectMethodHandle$Holder.invokeStatic(java.lang.Object)'> (0x0000000089347620) 
thrown [s\src\hotspot\share\interpreter\linkResolver.cpp, line 784]
Event: 1.430 Thread 0x0000016489c34700 Exception <a 'java/lang/NoSuchMethodError'{0x000000008934aa68}: 'int java.lang.invoke.DirectMethodHandle$Holder.invokeStaticInit(java.lang.Object)'> (0x000000008934aa68) 
thrown [s\src\hotspot\share\interpreter\linkResolver.cpp, line 784]
Event: 1.578 Thread 0x0000016489c34700 Exception <a 'java/lang/NoSuchMethodError'{0x000000008359ae60}: 'void java.lang.invoke.DirectMethodHandle$Holder.invokeStatic(java.lang.Object, java.lang.Object, java.lang.Object, java.lang.Object)'> (0x000000008359ae60) 
thrown [s\src\hotspot\share\interpreter\linkResolver.cpp, line 784]
Event: 1.616 Thread 0x0000016489c34700 Exception <a 'java/lang/NoSuchMethodError'{0x00000000834f4228}: 'java.lang.Object java.lang.invoke.DirectMethodHandle$Holder.invokeInterface(java.lang.Object, java.lang.Object)'> (0x00000000834f4228) 
thrown [s\src\hotspot\share\interpreter\linkResolver.cpp, line 784]
Event: 1.667 Thread 0x0000016489c34700 Exception <a 'java/lang/NoSuchMethodError'{0x00000000831dbd68}: 'void java.lang.invoke.DirectMethodHandle$Holder.invokeStaticInit(java.lang.Object, java.lang.Object)'> (0x00000000831dbd68) 
thrown [s\src\hotspot\share\interpreter\linkResolver.cpp, line 784]
Event: 1.711 Thread 0x0000016489c34700 Exception <a 'java/lang/NoSuchMethodError'{0x0000000082fb3f60}: 'int java.lang.invoke.DirectMethodHandle$Holder.invokeVirtual(java.lang.Object, java.lang.Object, java.lang.Object)'> (0x0000000082fb3f60) 
thrown [s\src\hotspot\share\interpreter\linkResolver.cpp, line 784]
Event: 1.742 Thread 0x0000016489c34700 Exception <a 'java/lang/NoSuchMethodError'{0x0000000082d3c948}: 'void java.lang.invoke.Invokers$Holder.invokeExact_MT(java.lang.Object, int, java.lang.Object)'> (0x0000000082d3c948) 
thrown [s\src\hotspot\share\interpreter\linkResolver.cpp, line 784]
Event: 1.826 Thread 0x0000016489c34700 Exception <a 'java/lang/NoSuchMethodError'{0x0000000082a0dbc0}: 'void java.lang.invoke.DirectMethodHandle$Holder.invokeVirtual(java.lang.Object, java.lang.Object)'> (0x0000000082a0dbc0) 
thrown [s\src\hotspot\share\interpreter\linkResolver.cpp, line 784]
Event: 1.908 Thread 0x0000016489c34700 Exception <a 'java/lang/NoSuchMethodError'{0x00000000828a30b8}: 'java.lang.Object java.lang.invoke.Invokers$Holder.invokeExact_MT(java.lang.Object, java.lang.Object, java.lang.Object, java.lang.Object, java.lang.Object, java.lang.Object)'> (0x00000000828a30b8) 
thrown [s\src\hotspot\share\interpreter\linkResolver.cpp, line 784]
Event: 2.106 Thread 0x0000016489c34700 Exception <a 'java/lang/NoSuchMethodError'{0x00000000823e3010}: 'long java.lang.invoke.DirectMethodHandle$Holder.invokeStatic(java.lang.Object, java.lang.Object, int)'> (0x00000000823e3010) 
thrown [s\src\hotspot\share\interpreter\linkResolver.cpp, line 784]
Event: 2.111 Thread 0x0000016489c34700 Exception <a 'java/lang/NoSuchMethodError'{0x00000000823f1118}: 'java.lang.Object java.lang.invoke.DelegatingMethodHandle$Holder.reinvoke_L(java.lang.Object, int, long, java.lang.Object, java.lang.Object, int, java.lang.Object)'> (0x00000000823f1118) 
thrown [s\src\hotspot\share\interpreter\linkResolver.cpp, line 784]
Event: 2.121 Thread 0x0000016489c34700 Exception <a 'java/lang/NoSuchMethodError'{0x0000000082218b70}: 'java.lang.Object java.lang.invoke.DirectMethodHandle$Holder.invokeStatic(java.lang.Object, java.lang.Object, int)'> (0x0000000082218b70) 
thrown [s\src\hotspot\share\interpreter\linkResolver.cpp, line 784]
Event: 2.125 Thread 0x0000016489c34700 Exception <a 'java/lang/NoSuchMethodError'{0x0000000082223db0}: 'void java.lang.invoke.DelegatingMethodHandle$Holder.delegate(java.lang.Object, java.lang.Object, int, java.lang.Object)'> (0x0000000082223db0) 
thrown [s\src\hotspot\share\interpreter\linkResolver.cpp, line 784]
Event: 2.763 Thread 0x0000016489c34700 Implicit null exception at 0x0000016496c95725 to 0x0000016496c97b58
Event: 3.426 Thread 0x0000016489c34700 Implicit null exception at 0x0000016496c15b20 to 0x0000016496c160e8
Event: 3.599 Thread 0x0000016489c34700 Implicit null exception at 0x0000016496c16720 to 0x0000016496c16cd8
Event: 3.708 Thread 0x0000016489c34700 Exception <a 'java/lang/NoSuchMethodError'{0x00000000841b7558}: 'java.lang.Object java.lang.invoke.DirectMethodHandle$Holder.newInvokeSpecial(java.lang.Object, java.lang.Object, int)'> (0x00000000841b7558) 
thrown [s\src\hotspot\share\interpreter\linkResolver.cpp, line 784]
Event: 3.711 Thread 0x0000016489c34700 Exception <a 'java/lang/NoSuchMethodError'{0x00000000841d7230}: 'java.lang.Object java.lang.invoke.DirectMethodHandle$Holder.invokeVirtual(java.lang.Object, java.lang.Object, java.lang.Object)'> (0x00000000841d7230) 
thrown [s\src\hotspot\share\interpreter\linkResolver.cpp, line 784]
Event: 4.270 Thread 0x0000016489c34700 Implicit null exception at 0x0000016496d0a744 to 0x0000016496d0a8bc

ZGC Phase Switch (0 events):
No events

VM Operations (20 events):
Event: 2.901 Executing VM operation: G1TryInitiateConcMark (G1 Humongous Allocation) done
Event: 3.208 Executing VM operation: G1CollectForAllocation (G1 Evacuation Pause)
Event: 3.219 Executing VM operation: G1CollectForAllocation (G1 Evacuation Pause) done
Event: 3.364 Executing VM operation: HandshakeAllThreads (Deoptimize)
Event: 3.364 Executing VM operation: HandshakeAllThreads (Deoptimize) done
Event: 3.364 Executing VM operation: HandshakeAllThreads (Deoptimize)
Event: 3.364 Executing VM operation: HandshakeAllThreads (Deoptimize) done
Event: 3.603 Executing VM operation: HandshakeAllThreads (Deoptimize)
Event: 3.603 Executing VM operation: HandshakeAllThreads (Deoptimize) done
Event: 3.719 Executing VM operation: G1TryInitiateConcMark (G1 Humongous Allocation)
Event: 3.730 Executing VM operation: G1TryInitiateConcMark (G1 Humongous Allocation) done
Event: 3.797 Executing VM operation: G1PauseRemark
Event: 3.800 Executing VM operation: G1PauseRemark done
Event: 3.828 Executing VM operation: G1PauseCleanup
Event: 3.829 Executing VM operation: G1PauseCleanup done
Event: 4.322 Executing VM operation: G1CollectForAllocation (G1 Evacuation Pause)
Event: 4.331 Executing VM operation: G1CollectForAllocation (G1 Evacuation Pause) done
Event: 4.509 Executing VM operation: HandshakeAllThreads (Deoptimize)
Event: 4.509 Executing VM operation: HandshakeAllThreads (Deoptimize) done
Event: 4.595 Executing VM operation: G1CollectForAllocation (G1 Evacuation Pause)

Memory protections (0 events):
No events

Nmethod flushes (20 events):
Event: 3.799 Thread 0x00000164a2daa1c0 flushing  nmethod 0x000001648f176a10
Event: 3.799 Thread 0x00000164a2daa1c0 flushing  nmethod 0x000001648f177890
Event: 3.799 Thread 0x00000164a2daa1c0 flushing  nmethod 0x000001648f184390
Event: 3.799 Thread 0x00000164a2daa1c0 flushing  nmethod 0x000001648f184890
Event: 3.799 Thread 0x00000164a2daa1c0 flushing  nmethod 0x000001648f184c90
Event: 3.799 Thread 0x00000164a2daa1c0 flushing  nmethod 0x000001648f186290
Event: 3.799 Thread 0x00000164a2daa1c0 flushing  nmethod 0x000001648f188e90
Event: 3.799 Thread 0x00000164a2daa1c0 flushing  nmethod 0x000001648f18a090
Event: 3.799 Thread 0x00000164a2daa1c0 flushing  nmethod 0x000001648f19d290
Event: 3.799 Thread 0x00000164a2daa1c0 flushing  nmethod 0x000001648f19de90
Event: 3.799 Thread 0x00000164a2daa1c0 flushing  nmethod 0x000001648f19e390
Event: 3.799 Thread 0x00000164a2daa1c0 flushing  nmethod 0x000001648f19fa10
Event: 3.799 Thread 0x00000164a2daa1c0 flushing  nmethod 0x000001648f1a1510
Event: 3.799 Thread 0x00000164a2daa1c0 flushing  nmethod 0x000001648f1a4a10
Event: 3.799 Thread 0x00000164a2daa1c0 flushing  nmethod 0x000001648f1a6410
Event: 3.799 Thread 0x00000164a2daa1c0 flushing  nmethod 0x000001648f1a7890
Event: 3.799 Thread 0x00000164a2daa1c0 flushing  nmethod 0x000001648f1ec090
Event: 3.799 Thread 0x00000164a2daa1c0 flushing  nmethod 0x000001648f1ec490
Event: 3.799 Thread 0x00000164a2daa1c0 flushing  nmethod 0x000001648f226010
Event: 3.799 Thread 0x00000164a2daa1c0 flushing  nmethod 0x000001648f240a10

Events (18 events):
Event: 0.025 Thread 0x0000016489c34700 Thread added: 0x0000016489c34700
Event: 0.093 Thread 0x0000016489c34700 Thread added: 0x00000164a7064730
Event: 0.093 Thread 0x0000016489c34700 Thread added: 0x00000164a7065180
Event: 0.094 Thread 0x0000016489c34700 Thread added: 0x00000164a7067ea0
Event: 0.094 Thread 0x0000016489c34700 Thread added: 0x00000164a70688f0
Event: 0.094 Thread 0x0000016489c34700 Thread added: 0x00000164a706a610
Event: 0.094 Thread 0x0000016489c34700 Thread added: 0x00000164a706b060
Event: 0.095 Thread 0x0000016489c34700 Thread added: 0x00000164a708ad90
Event: 0.095 Thread 0x0000016489c34700 Thread added: 0x00000164a7095120
Event: 0.147 Thread 0x0000016489c34700 Thread added: 0x00000164a722eb00
Event: 0.154 Thread 0x0000016489c34700 Thread added: 0x00000164a7237330
Event: 0.168 Loaded shared library C:\Program Files\Android\Android Studio\jbr\bin\net.dll
Event: 0.171 Loaded shared library C:\Program Files\Android\Android Studio\jbr\bin\nio.dll
Event: 0.199 Thread 0x00000164a708ad90 Thread added: 0x00000164a7092840
Event: 0.222 Loaded shared library C:\Program Files\Android\Android Studio\jbr\bin\zip.dll
Event: 0.269 Loaded shared library C:\Program Files\Android\Android Studio\jbr\bin\jimage.dll
Event: 1.520 Thread 0x00000164a7092840 Thread exited: 0x00000164a7092840
Event: 2.196 Thread 0x00000164a7095120 Thread added: 0x00000164a70957f0


Dynamic libraries:
0x00007ff770b80000 - 0x00007ff770b8a000 	C:\Program Files\Android\Android Studio\jbr\bin\java.exe
0x00007ffb98dc0000 - 0x00007ffb99027000 	C:\WINDOWS\SYSTEM32\ntdll.dll
0x00007ffb98010000 - 0x00007ffb980d9000 	C:\WINDOWS\System32\KERNEL32.DLL
0x00007ffb95a40000 - 0x00007ffb95e34000 	C:\WINDOWS\System32\KERNELBASE.dll
0x00007ffb95e40000 - 0x00007ffb95f8b000 	C:\WINDOWS\System32\ucrtbase.dll
0x00007ffb77ac0000 - 0x00007ffb77ad8000 	C:\Program Files\Android\Android Studio\jbr\bin\jli.dll
0x00007ffb98500000 - 0x00007ffb986c5000 	C:\WINDOWS\System32\USER32.dll
0x00007ffb957d0000 - 0x00007ffb957f7000 	C:\WINDOWS\System32\win32u.dll
0x00007ffb76e30000 - 0x00007ffb76e4b000 	C:\Program Files\Android\Android Studio\jbr\bin\VCRUNTIME140.dll
0x00007ffb96ff0000 - 0x00007ffb9701b000 	C:\WINDOWS\System32\GDI32.dll
0x00007ffb95f90000 - 0x00007ffb960ba000 	C:\WINDOWS\System32\gdi32full.dll
0x00007ffb840d0000 - 0x00007ffb84363000 	C:\WINDOWS\WinSxS\amd64_microsoft.windows.common-controls_6595b64144ccf1df_6.0.26100.8115_none_3e075c82e3354f9c\COMCTL32.dll
0x00007ffb98110000 - 0x00007ffb981b9000 	C:\WINDOWS\System32\msvcrt.dll
0x00007ffb95690000 - 0x00007ffb95733000 	C:\WINDOWS\System32\msvcp_win.dll
0x00007ffb977e0000 - 0x00007ffb97812000 	C:\WINDOWS\System32\IMM32.DLL
0x00007ffb7b670000 - 0x00007ffb7b67c000 	C:\Program Files\Android\Android Studio\jbr\bin\vcruntime140_1.dll
0x00007ffb36c00000 - 0x00007ffb36c8d000 	C:\Program Files\Android\Android Studio\jbr\bin\msvcp140.dll
0x00007ffae5ce0000 - 0x00007ffae696b000 	C:\Program Files\Android\Android Studio\jbr\bin\server\jvm.dll
0x00007ffb988b0000 - 0x00007ffb98966000 	C:\WINDOWS\System32\ADVAPI32.dll
0x00007ffb98b50000 - 0x00007ffb98bf7000 	C:\WINDOWS\System32\sechost.dll
0x00007ffb983e0000 - 0x00007ffb984f8000 	C:\WINDOWS\System32\RPCRT4.dll
0x00007ffb96f60000 - 0x00007ffb96fe0000 	C:\WINDOWS\System32\WS2_32.dll
0x00007ffb95510000 - 0x00007ffb9556e000 	C:\WINDOWS\SYSTEM32\POWRPROF.dll
0x00007ffb64520000 - 0x00007ffb64556000 	C:\WINDOWS\SYSTEM32\WINMM.dll
0x00007ffb80610000 - 0x00007ffb8061b000 	C:\WINDOWS\SYSTEM32\VERSION.dll
0x00007ffb954f0000 - 0x00007ffb95504000 	C:\WINDOWS\SYSTEM32\UMPDC.dll
0x00007ffb94420000 - 0x00007ffb9443b000 	C:\WINDOWS\SYSTEM32\kernel.appcore.dll
0x00007ffb79610000 - 0x00007ffb7961a000 	C:\Program Files\Android\Android Studio\jbr\bin\jimage.dll
0x00007ffb935c0000 - 0x00007ffb93802000 	C:\WINDOWS\SYSTEM32\DBGHELP.DLL
0x00007ffb96b50000 - 0x00007ffb96ed2000 	C:\WINDOWS\System32\combase.dll
0x00007ffb976f0000 - 0x00007ffb977c7000 	C:\WINDOWS\System32\OLEAUT32.dll
0x00007ffb7b4f0000 - 0x00007ffb7b52b000 	C:\WINDOWS\SYSTEM32\dbgcore.DLL
0x00007ffb96930000 - 0x00007ffb969d5000 	C:\WINDOWS\System32\bcryptPrimitives.dll
0x00007ffb75c20000 - 0x00007ffb75c40000 	C:\Program Files\Android\Android Studio\jbr\bin\java.dll
0x00007ffb73d20000 - 0x00007ffb73d38000 	C:\Program Files\Android\Android Studio\jbr\bin\zip.dll
0x00007ffb978a0000 - 0x00007ffb98006000 	C:\WINDOWS\System32\SHELL32.dll
0x00007ffb969e0000 - 0x00007ffb96b4a000 	C:\WINDOWS\System32\wintypes.dll
0x00007ffb960c0000 - 0x00007ffb96925000 	C:\WINDOWS\System32\windows.storage.dll
0x00007ffb98c10000 - 0x00007ffb98d07000 	C:\WINDOWS\System32\SHCORE.dll
0x00007ffb98d10000 - 0x00007ffb98d76000 	C:\WINDOWS\System32\shlwapi.dll
0x00007ffb95580000 - 0x00007ffb955a9000 	C:\WINDOWS\SYSTEM32\profapi.dll
0x00007ffb791c0000 - 0x00007ffb791d0000 	C:\Program Files\Android\Android Studio\jbr\bin\net.dll
0x00007ffb8edf0000 - 0x00007ffb8ef1d000 	C:\WINDOWS\SYSTEM32\WINHTTP.dll
0x00007ffb94990000 - 0x00007ffb949fc000 	C:\WINDOWS\system32\mswsock.dll
0x00007ffb72b50000 - 0x00007ffb72b66000 	C:\Program Files\Android\Android Studio\jbr\bin\nio.dll
0x00007ffb78c10000 - 0x00007ffb78c20000 	C:\Program Files\Android\Android Studio\jbr\bin\verify.dll

dbghelp: loaded successfully - version: 4.0.5 - missing functions: none
symbol engine: initialized successfully - sym options: 0x614 - pdb path: .;C:\Program Files\Android\Android Studio\jbr\bin;C:\WINDOWS\SYSTEM32;C:\WINDOWS\WinSxS\amd64_microsoft.windows.common-controls_6595b64144ccf1df_6.0.26100.8115_none_3e075c82e3354f9c;C:\Program Files\Android\Android Studio\jbr\bin\server

VM Arguments:
java_command: org.jetbrains.kotlin.cli.jvm.K2JVMCompiler @C:\Flutters\src\flutter\packages\flutter_tools\gradle\build\20260410_1745501451089866471.compiler.options
java_class_path (initial): C:\Users\yousa\.gradle\caches\modules-2\files-2.1\org.jetbrains.kotlin\kotlin-compiler-embeddable\2.0.21\79346ed53db48b18312a472602eb5c057070c54d\kotlin-compiler-embeddable-2.0.21.jar;C:\Users\yousa\.gradle\caches\modules-2\files-2.1\org.jetbrains.kotlin\kotlin-stdlib\2.0.21\618b539767b4899b4660a83006e052b63f1db551\kotlin-stdlib-2.0.21.jar;C:\Users\yousa\.gradle\caches\modules-2\files-2.1\org.jetbrains.kotlin\kotlin-script-runtime\2.0.21\c9b044380ad41f89aa89aa896c2d32a8c0b2129d\kotlin-script-runtime-2.0.21.jar;C:\Users\yousa\.gradle\caches\modules-2\files-2.1\org.jetbrains.kotlin\kotlin-reflect\1.6.10\1cbe9c92c12a94eea200d23c2bbaedaf3daf5132\kotlin-reflect-1.6.10.jar;C:\Users\yousa\.gradle\caches\modules-2\files-2.1\org.jetbrains.kotlin\kotlin-daemon-embeddable\2.0.21\c9e933b23287de9b5a17e2116b4657bb91aea72c\kotlin-daemon-embeddable-2.0.21.jar;C:\Users\yousa\.gradle\caches\modules-2\files-2.1\org.jetbrains.intellij.deps\trove4j\1.0.20200330\3afb14d5f9ceb459d724e907a21145e8ff394f02\trove4j-1.0.20200330.jar;C:\Users\yousa\.gradle\caches\modules-2\files-2.1\org.jetbrains.kotlinx\kotlinx-coroutines-core-jvm\1.6.4\2c997cd1c0ef33f3e751d3831929aeff1390cb30\kotlinx-coroutines-core-jvm-1.6.4.jar;C:\Users\yousa\.gradle\caches\modules-2\files-2.1\org.jetbrains\annotations\13.0\919f0dfe192fb4e063e7dacadee7f8bb9a2672a9\annotations-13.0.jar
Launcher Type: SUN_STANDARD

[Global flags]
     intx CICompilerCount                          = 3                                         {product} {ergonomic}
     uint ConcGCThreads                            = 1                                         {product} {ergonomic}
     uint G1ConcRefinementThreads                  = 4                                         {product} {ergonomic}
   size_t G1HeapRegionSize                         = 1048576                                   {product} {ergonomic}
    uintx GCDrainStackTargetSize                   = 64                                        {product} {ergonomic}
   size_t InitialHeapSize                          = 134217728                                 {product} {ergonomic}
   size_t MarkStackSize                            = 4194304                                   {product} {ergonomic}
   size_t MaxHeapSize                              = 2118123520                                {product} {ergonomic}
   size_t MaxNewSize                               = 1270874112                                {product} {ergonomic}
   size_t MinHeapDeltaBytes                        = 1048576                                   {product} {ergonomic}
   size_t MinHeapSize                              = 8388608                                   {product} {ergonomic}
    uintx NonNMethodCodeHeapSize                   = 5832780                                {pd product} {ergonomic}
    uintx NonProfiledCodeHeapSize                  = 122912730                              {pd product} {ergonomic}
    uintx ProfiledCodeHeapSize                     = 122912730                              {pd product} {ergonomic}
    uintx ReservedCodeCacheSize                    = 251658240                              {pd product} {ergonomic}
     bool SegmentedCodeCache                       = true                                      {product} {ergonomic}
   size_t SoftMaxHeapSize                          = 2118123520                             {manageable} {ergonomic}
     bool UseCompressedOops                        = true                           {product lp64_product} {ergonomic}
     bool UseG1GC                                  = true                                      {product} {ergonomic}
     bool UseLargePagesIndividualAllocation        = false                                  {pd product} {ergonomic}

Logging:
Log output configuration:
 #0: stdout all=warning uptime,level,tags foldmultilines=false
 #1: stderr all=off uptime,level,tags foldmultilines=false

Environment Variables:
JAVA_HOME=C:\Program Files\Android\Android Studio\jbr
CLASSPATH=D:\Flutter Projects\rehan_trader_website\android\\gradle\wrapper\gradle-wrapper.jar
PATH=C:\Program Files\Android\Android Studio\jbr\bin;C:\Users\yousa\AppData\Local\Programs\Microsoft VS Code;C:\Program Files (x86)\VMware\VMware Player\bin\;C:\Program Files\Eclipse Adoptium\jdk-17.0.15.6-hotspot\bin;C:\WINDOWS\system32;C:\WINDOWS;C:\WINDOWS\System32\Wbem;C:\WINDOWS\System32\WindowsPowerShell\v1.0\;C:\WINDOWS\System32\OpenSSH\;C:\Program Files\Git\cmd;%JAVA_HOME%\bin;C:\Program Files\nodejs\;;C:\ProgramData\chocolatey\bin;C:\Program Files (x86)\Windows Kits\10\Windows Performance Toolkit\;C:\Users\yousa\AppData\Local\Microsoft\WindowsApps;C:\Users\yousa\AppData\Local\Programs\Microsoft VS Code\bin;C:\Flutters\src\flutter\bin;C:\Users\yousa\AppData\Local\Android\Sdk\platform-tools;C:\Users\yousa\AppData\Local\Android\Sdk\emulator;C:\Users\yousa\AppData\Local\Android\Sdk\tools;C:\Users\yousa\AppData\Roaming\npm;C:\Users\yousa\AppData\Local\Pub\Cache\bin;;C:\tools\dart-sdk\bin;C:\Users\yousa\AppData\Local\Programs\Antigravity\bin;C:\Flutters\src\flutter\bin\mingit\cmd;C:\Flutters\src\flutter\bin\mingit\cmd
USERNAME=yousa
OS=Windows_NT
PROCESSOR_IDENTIFIER=Intel64 Family 6 Model 78 Stepping 3, GenuineIntel
TMP=C:\Users\yousa\AppData\Local\Temp
TEMP=C:\Users\yousa\AppData\Local\Temp




Periodic native trim disabled

JNI global refs:
JNI global refs: 7, weak refs: 0

JNI global refs memory usage: 835, weak refs: 833

Process memory usage:
Resident Set Size: 195084K (2% of 8271148K total physical memory with 844368K free physical memory)

OOME stack traces (most recent first):
Classloader memory used:
Loader jdk.internal.loader.ClassLoaders$AppClassLoader                                 : 28249K
Loader bootstrap                                                                       : 10833K
Loader java.net.URLClassLoader                                                         : 588K
Loader jdk.internal.jrtfs.JrtFileSystemProvider$JrtFsLoader                            : 307K
Loader jdk.internal.loader.ClassLoaders$PlatformClassLoader                            : 67816B

Classes loaded by more than one classloader:
Class jdk.internal.jimage.BasicImageReader                                            : loaded 2 times (x 91B)
Class jdk.internal.jimage.decompressor.StringSharingDecompressorFactory               : loaded 2 times (x 70B)
Class jdk.internal.jrtfs.JrtFileSystemProvider                                        : loaded 2 times (x 97B)
Class jdk.internal.jimage.ImageLocation                                               : loaded 2 times (x 86B)
Class jdk.internal.jimage.ImageBufferCache$1                                          : loaded 2 times (x 79B)
Class jdk.internal.jimage.ImageBufferCache$2                                          : loaded 2 times (x 87B)
Class jdk.internal.jimage.ImageHeader                                                 : loaded 2 times (x 67B)
Class jdk.internal.jimage.decompressor.ResourceDecompressor                           : loaded 2 times (x 66B)
Class jdk.internal.jimage.ImageStringsReader                                          : loaded 2 times (x 76B)
Class jdk.internal.jimage.ImageReader                                                 : loaded 2 times (x 71B)
Class jdk.internal.jimage.ImageReader$SharedImageReader                               : loaded 2 times (x 91B)
Class jdk.internal.jimage.decompressor.ResourceDecompressorFactory                    : loaded 2 times (x 70B)
Class jdk.internal.jimage.ImageReader$Node                                            : loaded 2 times (x 80B)
Class jdk.internal.jimage.BasicImageReader$1                                          : loaded 2 times (x 73B)
Class jdk.internal.jimage.decompressor.Decompressor                                   : loaded 2 times (x 68B)
Class jdk.internal.jimage.ImageBufferCache                                            : loaded 2 times (x 67B)
Class jdk.internal.jrtfs.JrtPath                                                      : loaded 2 times (x 114B)
Class jdk.internal.jimage.decompressor.ResourceDecompressorRepository                 : loaded 2 times (x 67B)
Class jdk.internal.jimage.ImageReader$Directory                                       : loaded 2 times (x 80B)
Class jdk.internal.jimage.decompressor.ZipDecompressorFactory                         : loaded 2 times (x 70B)
Class jdk.internal.jimage.decompressor.ZipDecompressor                                : loaded 2 times (x 71B)
Class jdk.internal.jimage.ImageStrings                                                : loaded 2 times (x 66B)
Class jdk.internal.jrtfs.JrtFileSystem                                                : loaded 2 times (x 98B)
Class jdk.internal.jimage.decompressor.CompressedResourceHeader                       : loaded 2 times (x 67B)
Class jdk.internal.jimage.decompressor.ResourceDecompressor$StringsProvider           : loaded 2 times (x 66B)

---------------  S Y S T E M  ---------------

OS:
 Windows 11 , 64 bit Build 26100 (10.0.26100.8115)
OS uptime: 0 days 2:10 hours

CPU: total 4 (initial active 4) (2 cores per cpu, 2 threads per core) family 6 model 78 stepping 3 microcode 0xd6, cx8, cmov, fxsr, ht, mmx, 3dnowpref, sse, sse2, sse3, ssse3, sse4.1, sse4.2, popcnt, lzcnt, tsc, tscinvbit, avx, avx2, aes, erms, clmul, bmi1, bmi2, rtm, adx, fma, vzeroupper, clflush, clflushopt, rdtscp, f16c
Processor Information for the first 4 processors :
  Max Mhz: 2496, Current Mhz: 2396, Mhz Limit: 2396

Memory: 4k page, system-wide physical 8077M (825M free)
TotalPageFile size 19419M (AvailPageFile size 6M)
current process WorkingSet (physical memory assigned to process): 190M, peak: 190M
current process commit charge ("private bytes"): 266M, peak: 268M

vm_info: OpenJDK 64-Bit Server VM (21.0.6+-13368085-b895.109) for windows-amd64 JRE (21.0.6+-13368085-b895.109), built on 2025-04-16T17:01:31Z by "builder" with MS VC++ 16.10 / 16.11 (VS2019)

END.
